[    0.000000] Initializing cgroup subsys cpuset
[    0.000000] Initializing cgroup subsys cpu
[    0.000000] Initializing cgroup subsys cpuacct
[    0.000000] Linux version 4.4.0-210-generic (buildd@lgw01-amd64-009) (gcc version 5.4.0 20160609 (Ubuntu 5.4.0-6ubuntu1~16.04.12) ) #242-Ubuntu SMP Fri Apr 16 09:57:56 UTC 2021 (Ubuntu 4.4.0-210.242-generic 4.4.262)
[    0.000000] Command line: BOOT_IMAGE=/boot/vmlinuz-4.4.0-210-generic root=LABEL=cloudimg-rootfs ro console=tty1 console=ttyS0
[    0.000000] KERNEL supported cpus:
[    0.000000]   Intel GenuineIntel
[    0.000000]   AMD AuthenticAMD
[    0.000000]   Centaur CentaurHauls
[    0.000000] x86/fpu: Legacy x87 FPU detected.
[    0.000000] e820: BIOS-provided physical RAM map:
[    0.000000] BIOS-e820: [mem 0x0000000000000000-0x000000000009fbff] usable
[    0.000000] BIOS-e820: [mem 0x000000000009fc00-0x000000000009ffff] reserved
[    0.000000] BIOS-e820: [mem 0x00000000000f0000-0x00000000000fffff] reserved
[    0.000000] BIOS-e820: [mem 0x0000000000100000-0x000000003ffeffff] usable
[    0.000000] BIOS-e820: [mem 0x000000003fff0000-0x000000003fffffff] ACPI data
[    0.000000] BIOS-e820: [mem 0x00000000fec00000-0x00000000fec00fff] reserved
[    0.000000] BIOS-e820: [mem 0x00000000fee00000-0x00000000fee00fff] reserved
[    0.000000] BIOS-e820: [mem 0x00000000fffc0000-0x00000000ffffffff] reserved
[    0.000000] NX (Execute Disable) protection: active
[    0.000000] SMBIOS 2.5 present.
[    0.000000] Hypervisor detected: KVM
[    0.000000] e820: last_pfn = 0x3fff0 max_arch_pfn = 0x400000000
[    0.000000] MTRR: Disabled
[    0.000000] x86/PAT: MTRRs disabled, skipping PAT initialization too.
[    0.000000] CPU MTRRs all blank - virtualized system.
[    0.000000] x86/PAT: Configuration [0-7]: WB  WT  UC- UC  WB  WT  UC- UC  
[    0.000000] found SMP MP-table at [mem 0x0009fff0-0x0009ffff] mapped at [ffff88000009fff0]
[    0.000000] Scanning 1 areas for low memory corruption
[    0.000000] RAMDISK: [mem 0x362dc000-0x37165fff]
[    0.000000] ACPI: Early table checksum verification disabled
[    0.000000] ACPI: RSDP 0x00000000000E0000 000024 (v02 VBOX  )
[    0.000000] ACPI: XSDT 0x000000003FFF0030 00003C (v01 VBOX   VBOXXSDT 00000001 ASL  00000061)
[    0.000000] ACPI: FACP 0x000000003FFF00F0 0000F4 (v04 VBOX   VBOXFACP 00000001 ASL  00000061)
[    0.000000] ACPI: DSDT 0x000000003FFF0470 002325 (v02 VBOX   VBOXBIOS 00000002 INTL 20190509)
[    0.000000] ACPI: FACS 0x000000003FFF0200 000040
[    0.000000] ACPI: FACS 0x000000003FFF0200 000040
[    0.000000] ACPI: APIC 0x000000003FFF0240 00005C (v02 VBOX   VBOXAPIC 00000001 ASL  00000061)
[    0.000000] ACPI: SSDT 0x000000003FFF02A0 0001CC (v01 VBOX   VBOXCPUT 00000002 INTL 20190509)
[    0.000000] No NUMA configuration found
[    0.000000] Faking a node at [mem 0x0000000000000000-0x000000003ffeffff]
[    0.000000] NODE_DATA(0) allocated [mem 0x3ffeb000-0x3ffeffff]
[    0.000000] kvm-clock: Using msrs 4b564d01 and 4b564d00
[    0.000000] kvm-clock: cpu 0, msr 0:3ffe3001, primary cpu clock
[    0.000000] kvm-clock: using sched offset of 3524396956 cycles
[    0.000000] clocksource: kvm-clock: mask: 0xffffffffffffffff max_cycles: 0x1cd42e4dffb, max_idle_ns: 881590591483 ns
[    0.000000] Zone ranges:
[    0.000000]   DMA      [mem 0x0000000000001000-0x0000000000ffffff]
[    0.000000]   DMA32    [mem 0x0000000001000000-0x000000003ffeffff]
[    0.000000]   Normal   empty
[    0.000000]   Device   empty
[    0.000000] Movable zone start for each node
[    0.000000] Early memory node ranges
[    0.000000]   node   0: [mem 0x0000000000001000-0x000000000009efff]
[    0.000000]   node   0: [mem 0x0000000000100000-0x000000003ffeffff]
[    0.000000] Initmem setup node 0 [mem 0x0000000000001000-0x000000003ffeffff]
[    0.000000] ACPI: PM-Timer IO Port: 0x4008
[    0.000000] IOAPIC[0]: apic_id 2, version 32, address 0xfec00000, GSI 0-23
[    0.000000] ACPI: INT_SRC_OVR (bus 0 bus_irq 0 global_irq 2 dfl dfl)
[    0.000000] ACPI: INT_SRC_OVR (bus 0 bus_irq 9 global_irq 9 low level)
[    0.000000] Using ACPI (MADT) for SMP configuration information
[    0.000000] smpboot: Allowing 2 CPUs, 0 hotplug CPUs
[    0.000000] PM: Registered nosave memory: [mem 0x00000000-0x00000fff]
[    0.000000] PM: Registered nosave memory: [mem 0x0009f000-0x0009ffff]
[    0.000000] PM: Registered nosave memory: [mem 0x000a0000-0x000effff]
[    0.000000] PM: Registered nosave memory: [mem 0x000f0000-0x000fffff]
[    0.000000] e820: [mem 0x40000000-0xfebfffff] available for PCI devices
[    0.000000] Booting paravirtualized kernel on KVM
[    0.000000] clocksource: refined-jiffies: mask: 0xffffffff max_cycles: 0xffffffff, max_idle_ns: 7645519600211568 ns
[    0.000000] setup_percpu: NR_CPUS:512 nr_cpumask_bits:512 nr_cpu_ids:2 nr_node_ids:1
[    0.000000] PERCPU: Embedded 33 pages/cpu @ffff88003fc00000 s95192 r8192 d31784 u1048576
[    0.000000] Built 1 zonelists in Node order, mobility grouping on.  Total pages: 257912
[    0.000000] Policy zone: DMA32
[    0.000000] Kernel command line: BOOT_IMAGE=/boot/vmlinuz-4.4.0-210-generic root=LABEL=cloudimg-rootfs ro console=tty1 console=ttyS0
[    0.000000] PID hash table entries: 4096 (order: 3, 32768 bytes)
[    0.000000] Memory: 997792K/1048120K available (8644K kernel code, 1332K rwdata, 4044K rodata, 1492K init, 1164K bss, 50328K reserved, 0K cma-reserved)
[    0.000000] SLUB: HWalign=64, Order=0-3, MinObjects=0, CPUs=2, Nodes=1
[    0.000000] Kernel/User page tables isolation: enabled
[    0.000000] Hierarchical RCU implementation.
[    0.000000] 	Build-time adjustment of leaf fanout to 64.
[    0.000000] 	RCU restricting CPUs from NR_CPUS=512 to nr_cpu_ids=2.
[    0.000000] RCU: Adjusting geometry for rcu_fanout_leaf=64, nr_cpu_ids=2
[    0.000000] NR_IRQS:33024 nr_irqs:440 16
[    0.000000] Console: colour VGA+ 80x25
[    0.000000] console [tty1] enabled
[    0.000000] console [ttyS0] enabled
[    0.000000] tsc: Detected 2659.998 MHz processor
[    0.191850] Calibrating delay loop (skipped) preset value.. 5319.99 BogoMIPS (lpj=10639992)
[    0.194003] pid_max: default: 32768 minimum: 301
[    0.195186] ACPI: Core revision 20150930
[    0.197365] ACPI: 2 ACPI AML tables successfully acquired and loaded
[    0.199176] Security Framework initialized
[    0.200276] Yama: becoming mindful.
[    0.201244] AppArmor: AppArmor initialized
[    0.202452] Dentry cache hash table entries: 131072 (order: 8, 1048576 bytes)
[    0.205539] Inode-cache hash table entries: 65536 (order: 7, 524288 bytes)
[    0.207347] Mount-cache hash table entries: 2048 (order: 2, 16384 bytes)
[    0.209052] Mountpoint-cache hash table entries: 2048 (order: 2, 16384 bytes)
[    0.210867] Initializing cgroup subsys io
[    0.211949] Initializing cgroup subsys memory
[    0.213095] Initializing cgroup subsys devices
[    0.214155] Initializing cgroup subsys freezer
[    0.215365] Initializing cgroup subsys net_cls
[    0.216544] Initializing cgroup subsys perf_event
[    0.217697] Initializing cgroup subsys net_prio
[    0.218889] Initializing cgroup subsys hugetlb
[    0.220064] Initializing cgroup subsys pids
[    0.221203] mce: CPU supports 0 MCE banks
[    0.222283] Last level iTLB entries: 4KB 512, 2MB 7, 4MB 7
[    0.223626] Last level dTLB entries: 4KB 512, 2MB 32, 4MB 32, 1GB 0
[    0.225269] Spectre V1 : Mitigation: usercopy/swapgs barriers and __user pointer sanitization
[    0.227919] Spectre V2 : Mitigation: Full generic retpoline
[    0.229520] Spectre V2 : Spectre v2 / SpectreRSB mitigation: Filling RSB on context switch
[    0.232172] Speculative Store Bypass: Vulnerable
[    0.233727] MDS: Vulnerable: Clear CPU buffers attempted, no microcode
[    0.239441] Freeing SMP alternatives memory: 36K
[    0.248986] ftrace: allocating 32380 entries in 127 pages
[    0.327765] smpboot: APIC(0) Converting physical 0 to logical package 0
[    0.329541] smpboot: Max logical packages: 1
[    0.330922] x2apic enabled
[    0.332213] Switched APIC routing to physical x2apic.
[    0.334801] ..TIMER: vector=0x30 apic1=0 pin1=2 apic2=-1 pin2=-1
[    0.444396] smpboot: CPU0: Intel(R) Core(TM) i5 CPU       M 560  @ 2.67GHz (family: 0x6, model: 0x25, stepping: 0x5)
[    0.447347] Performance Events: unsupported p6 CPU model 37 no PMU driver, software events only.
[    0.461844] KVM setup paravirtual spinlock
[    0.464009] x86: Booting SMP configuration:
[    0.465397] .... node  #0, CPUs:      #1
[    0.466618] kvm-clock: cpu 1, msr 0:3ffe3041, secondary cpu clock
[    0.468141] mce: CPU supports 0 MCE banks
[    0.482280] x86: Booted up 1 node, 2 CPUs
[    0.484663] smpboot: Total of 2 processors activated (10639.99 BogoMIPS)
[    0.487567] devtmpfs: initialized
[    0.490427] evm: security.selinux
[    0.491425] evm: security.SMACK64
[    0.492303] evm: security.SMACK64EXEC
[    0.493291] evm: security.SMACK64TRANSMUTE
[    0.494769] evm: security.SMACK64MMAP
[    0.496012] evm: security.ima
[    0.497034] evm: security.capability
[    0.498657] clocksource: jiffies: mask: 0xffffffff max_cycles: 0xffffffff, max_idle_ns: 7645041785100000 ns
[    0.501721] futex hash table entries: 512 (order: 3, 32768 bytes)
[    0.503831] pinctrl core: initialized pinctrl subsystem
[    0.505678] RTC time: 20:24:57, date: 04/08/22
[    0.507497] NET: Registered protocol family 16
[    0.525257] cpuidle: using governor ladder
[    0.537468] cpuidle: using governor menu
[    0.539551] PCCT header not found.
[    0.541566] ACPI: bus type PCI registered
[    0.543291] acpiphp: ACPI Hot Plug PCI Controller Driver version: 0.5
[    0.545894] PCI: Using configuration type 1 for base access
[    0.563029] ACPI: Added _OSI(Module Device)
[    0.564945] ACPI: Added _OSI(Processor Device)
[    0.566856] ACPI: Added _OSI(3.0 _SCP Extensions)
[    0.568872] ACPI: Added _OSI(Processor Aggregator Device)
[    0.572178] ACPI: Executed 1 blocks of module-level executable AML code
[    0.576977] ACPI: Interpreter enabled
[    0.578107] ACPI: (supports S0 S5)
[    0.579039] ACPI: Using IOAPIC for interrupt routing
[    0.580560] PCI: Using host bridge windows from ACPI; if necessary, use "pci=nocrs" and report a bug
[    0.587295] ACPI: PCI Root Bridge [PCI0] (domain 0000 [bus 00-ff])
[    0.589073] acpi PNP0A03:00: _OSC: OS supports [ASPM ClockPM Segments MSI]
[    0.591060] acpi PNP0A03:00: _OSC: not requesting OS control; OS requires [ExtendedConfig ASPM ClockPM MSI]
[    0.593457] acpi PNP0A03:00: fail to add MMCONFIG information, can't access extended PCI configuration space under this bridge.
[    0.596969] PCI host bridge to bus 0000:00
[    0.598254] pci_bus 0000:00: root bus resource [io  0x0000-0x0cf7 window]
[    0.600068] pci_bus 0000:00: root bus resource [io  0x0d00-0xffff window]
[    0.601882] pci_bus 0000:00: root bus resource [mem 0x000a0000-0x000bffff window]
[    0.604227] pci_bus 0000:00: root bus resource [mem 0x40000000-0xfdffffff window]
[    0.606192] pci_bus 0000:00: root bus resource [bus 00-ff]
[    0.609612] pci 0000:00:01.1: legacy IDE quirk: reg 0x10: [io  0x01f0-0x01f7]
[    0.611243] pci 0000:00:01.1: legacy IDE quirk: reg 0x14: [io  0x03f6]
[    0.613151] pci 0000:00:01.1: legacy IDE quirk: reg 0x18: [io  0x0170-0x0177]
[    0.614861] pci 0000:00:01.1: legacy IDE quirk: reg 0x1c: [io  0x0376]
[    0.650505] pci 0000:00:07.0: quirk: [io  0x4000-0x403f] claimed by PIIX4 ACPI
[    0.652797] pci 0000:00:07.0: quirk: [io  0x4100-0x410f] claimed by PIIX4 SMB
[    0.676358] ACPI: PCI Interrupt Link [LNKA] (IRQs 5 9 10 *11)
[    0.678950] ACPI: PCI Interrupt Link [LNKB] (IRQs 5 9 *10 11)
[    0.680854] ACPI: PCI Interrupt Link [LNKC] (IRQs 5 *9 10 11)
[    0.695539] ACPI: PCI Interrupt Link [LNKD] (IRQs 5 9 10 *11)
[    0.697577] ACPI: Enabled 2 GPEs in block 00 to 07
[    0.699643] vgaarb: setting as boot device: PCI:0000:00:02.0
[    0.700974] vgaarb: device added: PCI:0000:00:02.0,decodes=io+mem,owns=io+mem,locks=none
[    0.702967] vgaarb: loaded
[    0.703780] vgaarb: bridge control possible 0000:00:02.0
[    0.705423] SCSI subsystem initialized
[    0.706978] ACPI: bus type USB registered
[    0.708278] usbcore: registered new interface driver usbfs
[    0.709870] usbcore: registered new interface driver hub
[    0.711627] usbcore: registered new device driver usb
[    0.714815] PCI: Using ACPI for IRQ routing
[    0.716621] NetLabel: Initializing
[    0.717767] NetLabel:  domain hash size = 128
[    0.719021] NetLabel:  protocols = UNLABELED CIPSOv4
[    0.720342] NetLabel:  unlabeled traffic allowed by default
[    0.721903] amd_nb: Cannot enumerate AMD northbridges
[    0.723266] clocksource: Switched to clocksource kvm-clock
[    0.734695] AppArmor: AppArmor Filesystem Enabled
[    0.736175] pnp: PnP ACPI init
[    0.738083] pnp: PnP ACPI: found 3 devices
[    0.750446] clocksource: acpi_pm: mask: 0xffffff max_cycles: 0xffffff, max_idle_ns: 2085701024 ns
[    0.753813] NET: Registered protocol family 2
[    0.755837] TCP established hash table entries: 8192 (order: 4, 65536 bytes)
[    0.757794] TCP bind hash table entries: 8192 (order: 5, 131072 bytes)
[    0.759316] TCP: Hash tables configured (established 8192 bind 8192)
[    0.760889] UDP hash table entries: 512 (order: 2, 16384 bytes)
[    0.762257] UDP-Lite hash table entries: 512 (order: 2, 16384 bytes)
[    0.763748] NET: Registered protocol family 1
[    0.765104] pci 0000:00:00.0: Limiting direct PCI/PCI transfers
[    0.766502] pci 0000:00:01.0: Activating ISA DMA hang workarounds
[    0.768221] Unpacking initramfs...
[    1.042683] Freeing initrd memory: 14888K
[    1.044233] clocksource: tsc: mask: 0xffffffffffffffff max_cycles: 0x2657a1d9103, max_idle_ns: 440795229008 ns
[    1.046677] platform rtc_cmos: registered platform RTC device (no PNP device found)
[    1.048777] Scanning for low memory corruption every 60 seconds
[    1.051218] audit: initializing netlink subsys (disabled)
[    1.053088] audit: type=2000 audit(1649449502.329:1): initialized
[    1.055573] Initialise system trusted keyring
[    1.057717] HugeTLB registered 2 MB page size, pre-allocated 0 pages
[    1.060802] zbud: loaded
[    1.062131] VFS: Disk quotas dquot_6.6.0
[    1.063224] VFS: Dquot-cache hash table entries: 512 (order 0, 4096 bytes)
[    1.065286] squashfs: version 4.0 (2009/01/31) Phillip Lougher
[    1.067253] fuse init (API version 7.23)
[    1.069052] Key type big_key registered
[    1.070481] Allocating IMA MOK and blacklist keyrings.
[    1.073832] Key type asymmetric registered
[    1.075538] Asymmetric key parser 'x509' registered
[    1.077470] Block layer SCSI generic (bsg) driver version 0.4 loaded (major 249)
[    1.080712] io scheduler noop registered
[    1.082182] io scheduler deadline registered (default)
[    1.084259] io scheduler cfq registered
[    1.085494] pci_hotplug: PCI Hot Plug PCI Core version: 0.5
[    1.086859] pciehp: PCI Express Hot Plug Controller Driver version: 0.4
[    1.089469] ACPI: AC Adapter [AC] (on-line)
[    1.091092] input: Power Button as /devices/LNXSYSTM:00/LNXPWRBN:00/input/input0
[    1.093839] ACPI: Power Button [PWRF]
[    1.095408] input: Sleep Button as /devices/LNXSYSTM:00/LNXSLPBN:00/input/input1
[    1.097763] ACPI: Sleep Button [SLPF]
[    1.099468] GHES: HEST is not enabled!
[    1.100687] ACPI: Battery Slot [BAT0] (battery present)
[    1.102787] Serial: 8250/16550 driver, 32 ports, IRQ sharing enabled
[    1.125562] 00:02: ttyS0 at I/O 0x3f8 (irq = 4, base_baud = 115200) is a 16550A
[    1.131932] Linux agpgart interface v0.103
[    1.137186] loop: module loaded
[    1.139635] scsi host0: ata_piix
[    1.141231] scsi host1: ata_piix
[    1.142559] ata1: PATA max UDMA/33 cmd 0x1f0 ctl 0x3f6 bmdma 0xd000 irq 14
[    1.144954] ata2: PATA max UDMA/33 cmd 0x170 ctl 0x376 bmdma 0xd008 irq 15
[    1.147659] libphy: Fixed MDIO Bus: probed
[    1.149367] tun: Universal TUN/TAP device driver, 1.6
[    1.151134] tun: (C) 1999-2004 Max Krasnyansky <maxk@qualcomm.com>
[    1.153755] PPP generic driver version 2.4.2
[    1.155784] ehci_hcd: USB 2.0 'Enhanced' Host Controller (EHCI) Driver
[    1.158213] ehci-pci: EHCI PCI platform driver
[    1.159984] ehci-platform: EHCI generic platform driver
[    1.162095] ohci_hcd: USB 1.1 'Open' Host Controller (OHCI) Driver
[    1.164441] ohci-pci: OHCI PCI platform driver
[    1.166169] ohci-platform: OHCI generic platform driver
[    1.168183] uhci_hcd: USB Universal Host Controller Interface driver
[    1.170622] i8042: PNP: PS/2 Controller [PNP0303:PS2K,PNP0f03:PS2M] at 0x60,0x64 irq 1,12
[    1.174430] serio: i8042 KBD port at 0x60,0x64 irq 1
[    1.176245] serio: i8042 AUX port at 0x60,0x64 irq 12
[    1.178444] mousedev: PS/2 mouse device common for all mice
[    1.181167] input: AT Translated Set 2 keyboard as /devices/platform/i8042/serio0/input/input2
[    1.184466] rtc_cmos rtc_cmos: rtc core: registered rtc_cmos as rtc0
[    1.186475] rtc_cmos rtc_cmos: alarms up to one day, 114 bytes nvram
[    1.189798] i2c /dev entries driver
[    1.191500] device-mapper: uevent: version 1.0.3
[    1.193458] device-mapper: ioctl: 4.34.0-ioctl (2015-10-28) initialised: dm-devel@redhat.com
[    1.196987] ledtrig-cpu: registered to indicate activity on CPUs
[    1.200156] NET: Registered protocol family 10
[    1.205145] NET: Registered protocol family 17
[    1.207007] Key type dns_resolver registered
[    1.209500] registered taskstats version 1
[    1.210772] Loading compiled-in X.509 certificates
[    1.213107] Loaded X.509 cert 'Build time autogenerated kernel key: cf00e047681d67edb2720680708b7d9498083038'
[    1.215500] zswap: loaded using pool lzo/zbud
[    1.219854] Key type trusted registered
[    1.228083] Key type encrypted registered
[    1.229164] AppArmor: AppArmor sha1 policy hashing enabled
[    1.230379] ima: No TPM chip found, activating TPM-bypass!
[    1.231657] ima: Allocated hash algorithm: sha1
[    1.232822] evm: HMAC attrs: 0x1
[    1.234171]   Magic number: 2:86:447
[    1.235582] rtc_cmos rtc_cmos: setting system clock to 2022-04-08 20:24:57 UTC (1649449497)
[    1.238291] BIOS EDD facility v0.16 2004-Jun-25, 0 devices found
[    1.239911] EDD information not available.
[    1.330085] Freeing unused kernel memory: 1492K
[    1.331416] Write protecting the kernel read-only data: 14336k
[    1.333594] Freeing unused kernel memory: 1584K
[    1.335035] Freeing unused kernel memory: 52K
Loading, please wait...
starting version 229
[    1.361128] random: systemd-udevd: uninitialized urandom read (16 bytes read, 2 bits of entropy available)
[    1.363054] random: udevadm: uninitialized urandom read (16 bytes read, 2 bits of entropy available)
[    1.363117] random: udevadm: uninitialized urandom read (16 bytes read, 2 bits of entropy available)
[    1.374015] random: systemd-udevd: uninitialized urandom read (16 bytes read, 2 bits of entropy available)
[    1.377716] random: systemd-udevd: uninitialized urandom read (16 bytes read, 2 bits of entropy available)
[    1.381463] random: systemd-udevd: uninitialized urandom read (16 bytes read, 2 bits of entropy available)
[    1.386489] random: systemd-udevd: uninitialized urandom read (16 bytes read, 2 bits of entropy available)
[    1.390128] random: systemd-udevd: uninitialized urandom read (16 bytes read, 2 bits of entropy available)
[    1.391223] random: udevadm: uninitialized urandom read (16 bytes read, 2 bits of entropy available)
[    1.391437] random: udevadm: uninitialized urandom read (16 bytes read, 2 bits of entropy available)
[    1.471538] e1000: Intel(R) PRO/1000 Network Driver - version 7.3.21-k8-NAPI
[    1.474670] e1000: Copyright (c) 1999-2006 Intel Corporation.
[    1.482548] Fusion MPT base driver 3.04.20
[    1.484479] Copyright (c) 1999-2008 LSI Corporation
[    1.548101] SSE version of gcm_enc/dec engaged.
[    1.573078] Fusion MPT SPI Host driver 3.04.20
[    1.749660] input: ImExPS/2 Generic Explorer Mouse as /devices/platform/i8042/serio1/input/input4
[    2.070768] e1000 0000:00:03.0 eth0: (PCI:33MHz:32-bit) 02:be:82:6b:cc:1d
[    2.072995] e1000 0000:00:03.0 eth0: Intel(R) PRO/1000 Network Connection
[    3.070379] e1000 0000:00:08.0 eth1: (PCI:33MHz:32-bit) 08:00:27:52:8f:f3
[    3.072464] e1000 0000:00:08.0 eth1: Intel(R) PRO/1000 Network Connection
[    3.075453] mptbase: ioc0: Initiating bringup
[    3.076688] e1000 0000:00:03.0 enp0s3: renamed from eth0
[    3.091899] e1000 0000:00:08.0 enp0s8: renamed from eth1
[    3.139687] ioc0: LSI53C1030 A0: Capabilities={Initiator}
[    3.305690] scsi host2: ioc0: LSI53C1030 A0, FwRev=00000000h, Ports=1, MaxQ=256, IRQ=20
[    3.421127] scsi 2:0:0:0: Direct-Access     VBOX     HARDDISK         1.0  PQ: 0 ANSI: 5
[    3.424819] scsi target2:0:0: Beginning Domain Validation
[    3.428465] scsi target2:0:0: Domain Validation skipping write tests
[    3.430551] scsi target2:0:0: Ending Domain Validation
[    3.432622] scsi target2:0:0: asynchronous
[    3.434935] scsi 2:0:1:0: Direct-Access     VBOX     HARDDISK         1.0  PQ: 0 ANSI: 5
[    3.438075] scsi target2:0:1: Beginning Domain Validation
[    3.441516] scsi target2:0:1: Domain Validation skipping write tests
[    3.443767] scsi target2:0:1: Ending Domain Validation
[    3.446022] scsi target2:0:1: asynchronous
[    3.458801] sd 2:0:0:0: [sda] 83886080 512-byte logical blocks: (42.9 GB/40.0 GiB)
[    3.459115] sd 2:0:0:0: Attached scsi generic sg0 type 0
[    3.472072] sd 2:0:0:0: [sda] Write Protect is off
[    3.473040] sd 2:0:1:0: [sdb] 20480 512-byte logical blocks: (10.5 MB/10.0 MiB)
[    3.473283] sd 2:0:1:0: [sdb] Write Protect is off
[    3.473459] sd 2:0:1:0: [sdb] Incomplete mode parameter data
[    3.473461] sd 2:0:1:0: [sdb] Assuming drive cache: write through
[    3.488033] sd 2:0:1:0: Attached scsi generic sg1 type 0
[    3.491559] sd 2:0:1:0: [sdb] Attached SCSI disk
[    3.500084] sd 2:0:0:0: [sda] Incomplete mode parameter data
[    3.503193] sd 2:0:0:0: [sda] Assuming drive cache: write through
[    3.507398]  sda: sda1
[    3.509443] sd 2:0:0:0: [sda] Attached SCSI disk
Begin: Loading essential drivers ... [    4.980391] md: linear personality registered for level -1
[    4.986294] md: multipath personality registered for level -4
[    4.993228] md: raid0 personality registered for level 0
[    5.000355] md: raid1 personality registered for level 1
[    5.075364] raid6: sse2x1   gen()  6404 MB/s
[    5.143377] raid6: sse2x1   xor()  5384 MB/s
[    5.211370] raid6: sse2x2   gen()  8047 MB/s
[    5.279301] raid6: sse2x2   xor()  6270 MB/s
[    5.347386] raid6: sse2x4   gen()  9123 MB/s
[    5.415381] raid6: sse2x4   xor()  6207 MB/s
[    5.416730] raid6: using algorithm sse2x4 gen() 9123 MB/s
[    5.418694] raid6: .... xor() 6207 MB/s, rmw enabled
[    5.420505] raid6: using ssse3x2 recovery algorithm
[    5.423805] xor: measuring software checksum speed
[    5.465286]    prefetch64-sse: 18656.000 MB/sec
[    5.521990]    generic_sse: 24406.000 MB/sec
[    5.523364] xor: using function: generic_sse (24406.000 MB/sec)
[    5.527846] async_tx: api initialized (async)
[    5.548865] md: raid6 personality registered for level 6
[    5.551499] md: raid5 personality registered for level 5
[    5.553020] md: raid4 personality registered for level 4
[    5.565454] md: raid10 personality registered for level 10
done.
Begin: Running /scripts/init-premount ... done.
Begin: Mounting root file system ... Begin: Running /scripts/local-top ... done.
Begin: Running /scripts/local-premount ... [    5.609418] Btrfs loaded
Scanning for Btrfs filesystems
done.
Warning: fsck not present, so skipping root file system
[    5.669723] EXT4-fs (sda1): mounted filesystem with ordered data mode. Opts: (null)
done.
Begin: Running /scripts/local-bottom ... done.
Begin: Running /scripts/init-bottom ... done.
[    5.839210] systemd[1]: systemd 229 running in system mode. (+PAM +AUDIT +SELINUX +IMA +APPARMOR +SMACK +SYSVINIT +UTMP +LIBCRYPTSETUP +GCRYPT +GNUTLS +ACL +XZ -LZ4 +SECCOMP +BLKID +ELFUTILS +KMOD -IDN)
[    5.845065] systemd[1]: Detected virtualization oracle.
[    5.846748] systemd[1]: Detected architecture x86-64.

Welcome to [1mUbuntu 16.04.7 LTS[0m!

[    5.854735] systemd[1]: Set hostname to <ubuntu>.
[    5.859479] systemd[1]: Initializing machine ID from random generator.
[    5.861589] systemd[1]: Installed transient /etc/machine-id file.
[    6.075857] systemd[1]: Listening on LVM2 metadata daemon socket.
[[0;32m  OK  [0m] Listening on LVM2 metadata daemon socket.
[    6.080511] systemd[1]: Reached target System Time Synchronized.
[[0;32m  OK  [0m] Reached target System Time Synchronized.
[    6.084013] systemd[1]: Created slice User and Session Slice.
[[0;32m  OK  [0m] Created slice User and Session Slice.
[    6.087130] systemd[1]: Listening on Journal Socket (/dev/log).
[[0;32m  OK  [0m] Listening on Journal Socket (/dev/log).
[    6.090382] systemd[1]: Created slice System Slice.
[[0;32m  OK  [0m] Created slice System Slice.
[    6.093495] systemd[1]: Created slice system-serial\x2dgetty.slice.
[[0;32m  OK  [0m] Created slice system-serial\x2dgetty.slice.
[    6.096692] systemd[1]: Started Forward Password Requests to Wall Directory Watch.
[[0;32m  OK  [0m] Started Forward Password Requests to Wall Directory Watch.
[    6.100335] systemd[1]: Listening on fsck to fsckd communication Socket.
[[0;32m  OK  [0m] Listening on fsck to fsckd communication Socket.
[    6.103376] systemd[1]: Listening on /dev/initctl Compatibility Named Pipe.
[[0;32m  OK  [0m] Listening on /dev/initctl Compatibility Named Pipe.
[    6.106912] systemd[1]: Started Trigger resolvconf update for networkd DNS.
[[0;32m  OK  [0m] Started Trigger resolvconf update for networkd DNS.
[    6.110032] systemd[1]: Reached target User and Group Name Lookups.
[[0;32m  OK  [0m] Reached target User and Group Name Lookups.
[    6.112926] systemd[1]: Listening on LVM2 poll daemon socket.
[[0;32m  OK  [0m] Listening on LVM2 poll daemon socket.
[    6.115930] systemd[1]: Listening on udev Kernel Socket.
[[0;32m  OK  [0m] Listening on udev Kernel Socket.
[    6.118495] systemd[1]: Listening on Syslog Socket.
[[0;32m  OK  [0m] Listening on Syslog Socket.
[    6.121431] systemd[1]: Listening on Device-mapper event daemon FIFOs.
[[0;32m  OK  [0m] Listening on Device-mapper event daemon FIFOs.
[    6.124998] systemd[1]: Listening on udev Control Socket.
[[0;32m  OK  [0m] Listening on udev Control Socket.
[    6.127641] systemd[1]: Reached target Swap.
[[0;32m  OK  [0m] Reached target Swap.
[    6.130086] systemd[1]: Reached target Slices.
[[0;32m  OK  [0m] Reached target Slices.
[    6.132942] systemd[1]: Listening on Journal Audit Socket.
[[0;32m  OK  [0m] Listening on Journal Audit Socket.
[    6.136424] systemd[1]: Set up automount Arbitrary Executable File Formats File System Automount Point.
[[0;32m  OK  [0m] Set up automount Arbitrary Executab...ats File System Automount Point.
[    6.140795] systemd[1]: Listening on Journal Socket.
[[0;32m  OK  [0m] Listening on Journal Socket.
[    6.155670] systemd[1]: Mounting Huge Pages File System...
         Mounting Huge Pages File System...
[    6.160706] systemd[1]: Starting Nameserver information manager...
         Starting Nameserver information manager...
[    6.165532] systemd[1]: Mounting POSIX Message Queue File System...
         Mounting POSIX Message Queue File System...
[    6.172190] systemd[1]: Starting Journal Service...
         Starting Journal Service...
[    6.181509] systemd[1]: Starting Monitoring of LVM2 mirrors, snapshots etc. using dmeventd or progress polling...
         Starting Monitoring of LVM2 mirrors... dmeventd or progress polling...
[    6.189615] systemd[1]: Starting Uncomplicated firewall...
         Starting Uncomplicated firewall...
[    6.195045] systemd[1]: Starting Set console keymap...
         Starting Set console keymap...
[    6.201024] systemd[1]: Starting File System Check on Root Device...
         Starting File System Check on Root Device...
[    6.210013] systemd[1]: Starting Create list of required static device nodes for the current kernel...
         Starting Create list of required st... nodes for the current kernel...
[    6.221615] systemd[1]: Starting Load Kernel Modules...
         Starting Load Kernel Modules...
[    6.228296] systemd[1]: Mounting Debug File System...
         Mounting Debug File System...
[    6.235035] systemd[1]: Reached target Encrypted Volumes.
[[0;32m  OK  [0m] Reached target Encrypted Volumes.
[    6.247536] systemd[1]: Mounted Huge Pages File System.
[[0;32m  OK  [0m] Mounted Huge Pages File System.
[    6.250130] systemd[1]: Mounted POSIX Message Queue File System.
[[0;32m  OK  [0m] Mounted POSIX Message Queue File System.
[    6.253534] systemd[1]: Mounted Debug File System.
[[0;32m  OK  [0m] Mounted Debug File System.
[    6.256676] systemd[1]: Started Journal Service.
[[0;32m  OK  [0m] Started Journal [    6.259009] Loading iSCSI transport class v2.0-870.
Service.
[[0;32m  OK  [0m] Started Uncomplicated firewall.
[[0;32m  OK  [0m] Started Create list of required sta...ce nodes for the current kernel.
[[0;32m  OK  [0m] Started Nameserver information manager.
[    6.280658] iscsi: registered transport (tcp)
[[0;32m  OK  [0m] Started File System Check on Root Device.
[[0;32m  OK  [0m] Started File System Check Daemon to report status.
[[0;32m  OK  [0m] Started LVM2 metadata daemon.
         Starting Remount Root and Kernel File Systems...
         Starting Create Static Device Nodes in /dev...
[    6.319622] EXT4-fs (sda1): re-mounted. Opts: (null)
[[0;32m  OK  [0m] Started Remount Root and Kernel File Systems.
         Starting udev Coldplug all Devices...
         Starting Load/Save Random Seed...
         Starting Flush Journal to Persistent Storage...
[[0;32m  OK  [0m] Started Create Static Device Nodes in /dev.
         Starting udev Kernel Device Manager...
[[0;32m  OK  [0m] Started Set console keymap.
[[0;32m  OK  [0m] Started Load/Save Random Seed.
[    6.390231] iscsi: registered transport (iser)
[[0;32m  OK  [0m] Started Load Kernel Modules.
         Mounting FUSE Control File System...
         Starting Apply Kernel Variables...
[[0;32m  OK  [0m] Mounted FUSE Control File System.
[[0;32m  OK  [0m] Started udev Kernel Device Manager.
[[0;32m  OK  [0m] Started Apply Kernel Variables.
[[0;32m  OK  [0m] Started Flush Journal to Persistent Storage.
[[0;32m  OK  [0m] Started udev Coldplug all Devices.
[[0;32m  OK  [0m] Started Dispatch Password Requests to Console Directory Watch.
[[0;32m  OK  [0m] Started Monitoring of LVM2 mirrors,...ng dmeventd or progress polling.
[[0;32m  OK  [0m] Reached target Local File Systems (Pre).
[[0;32m  OK  [0m] Reached target Local File Systems.
         Starting Create Volatile Files and Directories...
         Starting LSB: AppArmor initialization...
         Starting Set console font and keymap...
         Starting Initial cloud-init job (pre-networking)...
         Starting Tell Plymouth To Write Out Runtime Data...
         Starting Commit a transient machine-id on disk...
[[0;32m  OK  [0m] Started Create Volatile Files and Directories.
[[0;32m  OK  [0m] Started Tell Plymouth To Write Out Runtime Data.
[[0;32m  OK  [0m] Started Commit a transient machine-id on disk.
[[0;32m  OK  [0m] Found device /dev/ttyS0.
         Starting Update UTMP about System Boot/Shutdown...
[[0;32m  OK  [0m] Started Update UTMP about System Boot/Shutdown.
[[0;32m  OK  [0m] Listening on Load/Save RF Kill Switch Status /dev/rfkill Watch.
[[0;32m  OK  [0m] Started Set console font and keymap.
[[0;32m  OK  [0m] Created slice system-getty.slice.
[[0;32m  OK  [0m] Started LSB: AppArmor initialization.
         Starting Load AppArmor profiles managed internally by snapd...
[[0;32m  OK  [0m] Started Load AppArmor profiles managed internally by snapd.
[    9.427833] cloud-init[525]: Cloud-init v. 21.1-19-gbad84ad4-0ubuntu1~16.04.2 running 'init-local' at Fri, 08 Apr 2022 20:25:05 +0000. Up 8.89 seconds.
[[0;32m  OK  [0m] Started Initial cloud-init job (pre-networking).
[[0;32m  OK  [0m] Reached target Network (Pre).
         Starting Raise network interfaces...
[[0;32m  OK  [0m] Started Raise network interfaces.
[[0;32m  OK  [0m] Reached target Network.
         Starting Initial cloud-init job (metadata service crawler)...
[   11.432884] cloud-init[971]: Cloud-init v. 21.1-19-gbad84ad4-0ubuntu1~16.04.2 running 'init' at Fri, 08 Apr 2022 20:25:07 +0000. Up 10.48 seconds.
[   11.436820] cloud-init[971]: ci-info: ++++++++++++++++++++++++++++++++++++++Net device info+++++++++++++++++++++++++++++++++++++++
[   11.440005] cloud-init[971]: ci-info: +--------+-------+----------------------------+---------------+--------+-------------------+
[   11.443307] cloud-init[971]: ci-info: | Device |   Up  |          Address           |      Mask     | Scope  |     Hw-Address    |
[   11.446310] cloud-init[971]: ci-info: +--------+-------+----------------------------+---------------+--------+-------------------+
[   11.448603] cloud-init[971]: ci-info: | enp0s3 |  True |         10.0.2.15          | 255.255.255.0 | global | 02:be:82:6b:cc:1d |
[   11.450723] cloud-init[971]: ci-info: | enp0s3 |  True | fe80::be:82ff:fe6b:cc1d/64 |       .       |  link  | 02:be:82:6b:cc:1d |
[   11.453270] cloud-init[971]: ci-info: | enp0s8 | False |             .              |       .       |   .    | 08:00:27:52:8f:f3 |
[   11.455638] cloud-init[971]: ci-info: |   lo   |  True |         127.0.0.1          |   255.0.0.0   |  host  |         .         |
[   11.458155] cloud-init[971]: ci-info: |   lo   |  True |          ::1/128           |       .       |  host  |         .         |
[   11.460756] cloud-init[971]: ci-info: +--------+-------+----------------------------+---------------+--------+-------------------+
[   11.463293] cloud-init[971]: ci-info: +++++++++++++++++++++++++++Route IPv4 info++++++++++++++++++++++++++++
[   11.465585] cloud-init[971]: ci-info: +-------+-------------+----------+---------------+-----------+-------+
[   11.467773] cloud-init[971]: ci-info: | Route | Destination | Gateway  |    Genmask    | Interface | Flags |
[   11.470167] cloud-init[971]: ci-info: +-------+-------------+----------+---------------+-----------+-------+
[   11.472373] cloud-init[971]: ci-info: |   0   |   0.0.0.0   | 10.0.2.2 |    0.0.0.0    |   enp0s3  |   UG  |
[   11.474793] cloud-init[971]: ci-info: |   1   |   10.0.2.0  | 0.0.0.0  | 255.255.255.0 |   enp0s3  |   U   |
[   11.477051] cloud-init[971]: ci-info: +-------+-------------+----------+---------------+-----------+-------+
[   11.479334] cloud-init[971]: ci-info: +++++++++++++++++++Route IPv6 info+++++++++++++++++++
[   11.481387] cloud-init[971]: ci-info: +-------+-------------+---------+-----------+-------+
[   11.483279] cloud-init[971]: ci-info: | Route | Destination | Gateway | Interface | Flags |
[   11.485192] cloud-init[971]: ci-info: +-------+-------------+---------+-----------+-------+
[   11.487207] cloud-init[971]: ci-info: |   0   |  fe80::/64  |    ::   |   enp0s3  |   U   |
[   11.489178] cloud-init[971]: ci-info: |   3   |   ff00::/8  |    ::   |   enp0s3  |   U   |
[   11.491170] cloud-init[971]: ci-info: +-------+-------------+---------+-----------+-------+
[   11.493127] cloud-init[971]: Generating public/private rsa key pair.
[   11.494612] cloud-init[971]: Your identification has been saved in /etc/ssh/ssh_host_rsa_key.
[   11.496735] cloud-init[971]: Your public key has been saved in /etc/ssh/ssh_host_rsa_key.pub.
[   11.498672] cloud-init[971]: The key fingerprint is:
[   11.500014] cloud-init[971]: SHA256:Il7Mw9TlyP2Yegdf3VjtgNTRl4YlqcSCh3uWWZ17l6M root@ubuntu-xenial
[   11.502205] cloud-init[971]: The key's randomart image is:
[   11.503702] cloud-init[971]: +---[RSA 2048]----+
[   11.505004] cloud-init[971]: |        o o oo*+.|
[   11.506261] cloud-init[971]: |       = B = *oo+|
[   11.507568] cloud-init[971]: |      . * O o + =|
[   11.508910] cloud-init[971]: |     = . = = . Xo|
[   11.510254] cloud-init[971]: |    . B S + . = *|
[   11.511703] cloud-init[971]: |   . o o . o E   |
[   11.512982] cloud-init[971]: |    .   . . o    |
[   11.514314] cloud-init[971]: |         . .     |
[   11.515598] cloud-init[971]: |                 |
[   11.516972] cloud-init[971]: +----[SHA256]-----+
[   11.518203] cloud-init[971]: Generating public/private dsa key pair.
[   11.519746] cloud-init[971]: Your identification has been saved in /etc/ssh/ssh_host_dsa_key.
[   11.521647] cloud-init[971]: Your public key has been saved in /etc/ssh/ssh_host_dsa_key.pub.
[   11.523623] cloud-init[971]: The key fingerprint is:
[   11.525009] cloud-init[971]: SHA256:gHWRUFtULIIhIGdWA2Fm61UtZ4ZH2qkMNSnG9Kud3ZI root@ubuntu-xenial
[   11.527000] cloud-init[971]: The key's randomart image is:
[   11.528451] cloud-init[971]: +---[DSA 1024]----+
[   11.536839] cloud-init[971]: |. @B= BX=+oo.    |
[   11.538150] cloud-init[971]: | O .+O==O+. .    |
[   11.539519] cloud-init[971]: |  ..+.+*+. .     |
[   11.540738] cloud-init[971]: | . . o +         |
[   11.542182] cloud-init[971]: |  .   + S        |
[   11.543400] cloud-init[971]: |     o o o       |
[   11.544717] cloud-init[971]: |    . o E .      |
[   11.546062] cloud-init[971]: |         .       |
[   11.547476] cloud-init[971]: |                 |
[   11.549049] cloud-init[971]: +----[SHA256]-----+
[   11.550462] cloud-init[971]: Generating public/private ecdsa key pair.
[   11.552224] cloud-init[971]: Your identification has been saved in /etc/ssh/ssh_host_ecdsa_key.
[   11.554168] cloud-init[971]: Your public key has been saved in /etc/ssh/ssh_host_ecdsa_key.pub.
[   11.556032] cloud-init[971]: The key fingerprint is:
[   11.557436] cloud-init[971]: SHA256:D9vx5RB3JRcdH7bBqUvbREUirQnZTH+aUzlS1GWOZts root@ubuntu-xenial
[   11.559489] cloud-init[971]: The key's randomart image is:
[   11.561099] cloud-init[971]: +---[ECDSA 256]---+
[   11.562364] cloud-init[971]: |           =o.=X/|
[   11.563660] cloud-init[971]: |          o oo+@X|
[   11.564980] cloud-init[971]: |           ..+O+*|
[   11.566301] cloud-init[971]: |            oB.X.|
[   11.567534] cloud-init[971]: |        S . o @ E|
[   11.568831] cloud-init[971]: |         = o * o |
[   11.570057] cloud-init[971]: |        . o . .  |
[   11.571341] cloud-init[971]: |                 |
[   11.572496] cloud-init[971]: |                 |
[   11.573781] cloud-init[971]: +----[SHA256]-----+
[   11.575013] cloud-init[971]: Generating public/private ed25519 key pair.
[   11.576639] cloud-init[971]: Your identification has been saved in /etc/ssh/ssh_host_ed25519_key.
[   11.578827] cloud-init[971]: Your public key has been saved in /etc/ssh/ssh_host_ed25519_key.pub.
[   11.581027] cloud-init[971]: The key fingerprint is:
[   11.582461] cloud-init[971]: SHA256:63QtThPm/yJyyx12Tn4lLwRpAd2LcOgJG5eEDPqnalo root@ubuntu-xenial
[   11.584724] cloud-init[971]: The key's randomart image is:
[   11.586195] cloud-init[971]: +--[ED25519 256]--+
[   11.587758] cloud-init[971]: |      .o oo= .   |
[   11.589154] cloud-init[971]: |     .  = = + .  |
[   11.590486] cloud-init[971]: |    .    * + + . |
[   11.591693] cloud-init[971]: |     .  . o = .  |
[   11.592787] cloud-init[971]: |      . S o. .   |
[   11.594088] cloud-init[971]: |       o + o  o .|
[   11.595381] cloud-init[971]: |    E . o * +.oo.|
[   11.596639] cloud-init[971]: |   ... o.=o*.*. o|
[   11.598103] cloud-init[971]: |  .o.   .o+ooo+o |
[   11.599369] cloud-init[971]: +----[SHA256]-----+
[[0;32m  OK  [0m] Started Initial cloud-init job (metadata service crawler).
[[0;32m  OK  [0m] Reached target Cloud-config availability.
[[0;32m  OK  [0m] Reached target System Initialization.
         Starting LXD - unix socket.
[[0;32m  OK  [0m] Started Ubuntu Advantage update messaging.
[[0;32m  OK  [0m] Started Message of the Day.
[[0;32m  OK  [0m] Listening on ACPID Listen Socket.
[[0;32m  OK  [0m] Listening on D-Bus System Message Bus Socket.
[[0;32m  OK  [0m] Listening on UUID daemon activation socket.
[[0;32m  OK  [0m] Started ACPI Events Check.
[[0;32m  OK  [0m] Reached target Paths.
[[0;32m  OK  [0m] Started Daily Cleanup of Temporary Directories.
         Starting Socket activation for snappy daemon.
[[0;32m  OK  [0m] Started Daily apt download activities.
[[0;32m  OK  [0m] Started Daily apt upgrade and clean activities.
[[0;32m  OK  [0m] Reached target Timers.
[[0;32m  OK  [0m] Reached target Network is Online.
         Starting iSCSI initiator daemon (iscsid)...
[[0;32m  OK  [0m] Listening on LXD - unix socket.
[[0;32m  OK  [0m] Listening on Socket activation for snappy daemon.
[[0;32m  OK  [0m] Reached target Sockets.
[[0;32m  OK  [0m] Reached target Basic System.
         Starting LSB: Record successful boot for GRUB...
[[0;32m  OK  [0m] Started D-Bus System Message Bus.
         Starting Virtualbox guest utils...
         Starting System Logging Service...
[[0;32m  OK  [0m] Started Deferred execution scheduler.
         Starting LSB: MD monitoring daemon...
         Starting LXD - container startup/shutdown...
         Starting Pollinate to seed the pseudo random number generator...
         Starting /etc/rc.local Compatibility...
         Starting Accounts Service...
[[0;32m  OK  [0m] Started ACPI event daemon.
[[0;32m  OK  [0m] Started FUSE filesystem for LXC.
[[0;32m  OK  [0m] Started Regular background program processing daemon.
         Starting Snap Daemon...
         Starting Login Service...
[[0;32m  OK  [0m] Started /etc/rc.local Compatibility.
[[0;32m  OK  [0m] Started iSCSI initiator daemon (iscsid).
         Starting Login to default iSCSI targets...
[[0;32m  OK  [0m] Started Login Service.
[[0;32m  OK  [0m] Started System Logging Service.
[[0;32m  OK  [0m] Started Unattended Upgrades Shutdown.
[[0;32m  OK  [0m] Started LSB: Record successful boot for GRUB.
[[0;32m  OK  [0m] Started LSB: MD monitoring daemon.
[[0;32m  OK  [0m] Started Login to default iSCSI targets.
[[0;32m  OK  [0m] Reached target Remote File Systems (Pre).
[[0;32m  OK  [0m] Reached target Remote File Systems.
         Starting LSB: Set the CPU Frequency Scaling governor to "ondemand"...
         Starting Permit User Sessions...
         Starting LSB: automatic crash report generation...
         Starting LSB: daemon to balance interrupts for SMP systems...
[[0;32m  OK  [0m] Started Permit User Sessions.
         Starting Authenticate and Authorize Users to Run Privileged Tasks...
         Starting Hold until boot process finishes up...
         Starting Terminate Plymouth Boot Screen...
[[0;32m  OK  [0m] Started LSB: Set the CPU Frequency Scaling governor to "ondemand".
[[0;32m  OK  [0m] Started Hold until boot process finishes up.
         Starting Set console scheme...
[[0;32m  OK  [0m] Started Serial Getty on ttyS0.
[[0;32m  OK  [0m] Started Getty on tty1.
[[0;32m  OK  [0m] Reached target Login Prompts.
[[0;32m  OK  [0m] Started Terminate Plymouth Boot Screen.
[[0;32m  OK  [0m] Started Set console scheme.
[[0;32m  OK  [0m] Started LSB: daemon to balance interrupts for SMP systems.
[[0;32m  OK  [0m] Started LSB: automatic crash report generation.
[[0;32m  OK  [0m] Started Authenticate and Authorize Users to Run Privileged Tasks.
[[0;32m  OK  [0m] Started Accounts Service.
[[0;32m  OK  [0m] Started LXD - container startup/shutdown.
[[0;32m  OK  [0m] Started Virtualbox guest utils.
[[0;32m  OK  [0m] Started Snap Daemon.
         Starting Wait until snapd is fully seeded...

Ubuntu 16.04.7 LTS ubuntu-xenial ttyS0

ubuntu-xenial login: [   52.672881] cloud-init[2025]: Generating locales (this might take a while)...
[   54.561267] cloud-init[2025]:   en_US.UTF-8... done
[   54.563184] cloud-init[2025]: Generation complete.
[   56.310929] cloud-init[2025]: Cloud-init v. 21.1-19-gbad84ad4-0ubuntu1~16.04.2 running 'modules:config' at Fri, 08 Apr 2022 20:25:48 +0000. Up 52.44 seconds.
ci-info: no authorized SSH keys fingerprints found for user ubuntu.
<14>Apr  8 20:25:54 ec2: 
<14>Apr  8 20:25:54 ec2: #############################################################
<14>Apr  8 20:25:54 ec2: -----BEGIN SSH HOST KEY FINGERPRINTS-----
<14>Apr  8 20:25:54 ec2: 1024 SHA256:gHWRUFtULIIhIGdWA2Fm61UtZ4ZH2qkMNSnG9Kud3ZI root@ubuntu-xenial (DSA)
<14>Apr  8 20:25:54 ec2: 256 SHA256:D9vx5RB3JRcdH7bBqUvbREUirQnZTH+aUzlS1GWOZts root@ubuntu-xenial (ECDSA)
<14>Apr  8 20:25:54 ec2: 256 SHA256:63QtThPm/yJyyx12Tn4lLwRpAd2LcOgJG5eEDPqnalo root@ubuntu-xenial (ED25519)
<14>Apr  8 20:25:54 ec2: 2048 SHA256:Il7Mw9TlyP2Yegdf3VjtgNTRl4YlqcSCh3uWWZ17l6M root@ubuntu-xenial (RSA)
<14>Apr  8 20:25:54 ec2: -----END SSH HOST KEY FINGERPRINTS-----
<14>Apr  8 20:25:54 ec2: #############################################################
-----BEGIN SSH HOST KEY KEYS-----
ecdsa-sha2-nistp256 AAAAE2VjZHNhLXNoYTItbmlzdHAyNTYAAAAIbmlzdHAyNTYAAABBBMCtBbwCg2kLbIAxrcEmUKoKWyS2kUlb6qSHASRxUnx1QXRoO/cCbuzGh/vFBf5OQi3K5O2kQ3Wa90i0hbmQ6dk= root@ubuntu-xenial
ssh-ed25519 AAAAC3NzaC1lZDI1NTE5AAAAIFj59TYCKl1qs4NfmsKrC+QaAswMS5YkFjvOPNo7wNB/ root@ubuntu-xenial
ssh-rsa AAAAB3NzaC1yc2EAAAADAQABAAABAQCdpBwvGQvLOgfTTMVlLKGhEeMiPrlwUircRdkYxHS0cKiq7k8ASIyhDTNO5RkguoIp/KMIS4oOrR8EB/GXQcFphVaB/Bm8R/WcinLH2uWNw+X/eC362+L4RHEyUF2cimHhxdlkIK7z+7lDf20sqsDb+lIYh8gzhKhvlFwLynUefMVqYSsbi3m9q875BaaQl74a8M/7JEYl6nZ3zJRwvJCROJkWrIgz8U+crPA3bAev2RaKoCD6P8soug9rwvNPMWQ3R1l/nUyeaAdR48yVXoZX/hUQK6ob6jv2YRztjuga1pOmKcNV2sx1+z47KV8otWSYArm1OK4u1qgACEh5EqEF root@ubuntu-xenial
-----END SSH HOST KEY KEYS-----
[   57.650513] cloud-init[2067]: Cloud-init v. 21.1-19-gbad84ad4-0ubuntu1~16.04.2 running 'modules:final' at Fri, 08 Apr 2022 20:25:53 +0000. Up 57.21 seconds.
[   57.651200] cloud-init[2067]: ci-info: no authorized SSH keys fingerprints found for user ubuntu.
[   57.652419] cloud-init[2067]: Cloud-init v. 21.1-19-gbad84ad4-0ubuntu1~16.04.2 finished at Fri, 08 Apr 2022 20:25:54 +0000. Datasource DataSourceNoCloud [seed=/dev/sdb][dsmode=net].  Up 57.62 seconds
         Stopping User Manager for UID 1000...
[[0;32m  OK  [0m] Closed Load/Save RF Kill Switch Status /dev/rfkill Watch.
         Unmounting /var/lib/lxcfs...
[[0;32m  OK  [0m] Stopped target Timers.
[[0;32m  OK  [0m] Stopped Daily apt upgrade and clean activities.
         Unmounting /run/user/1000...
[[0;32m  OK  [0m] Stopped target Cloud-init target.
[[0;32m  OK  [0m] Stopped Execute cloud user/final scripts.
         Stopping Authenticate and Authorize Users to Run Privileged Tasks...
[[0;32m  OK  [0m] Stopped Ubuntu Advantage update messaging.
[[0;32m  OK  [0m] Stopped Apply the settings specified in cloud-config.
[[0;32m  OK  [0m] Stopped target Cloud-config availability.
[[0;32m  OK  [0m] Stopped Daily Cleanup of Temporary Directories.
[[0;32m  OK  [0m] Stopped target Graphical Interface.
         Stopping Accounts Service...
[[0;32m  OK  [0m] Stopped target Multi-User System.
         Stopping FUSE filesystem for LXC...
         Stopping LXD - container startup/shutdown...
         Stopping D-Bus System Message Bus...
         Stopping LSB: automatic crash report generation...
         Stopping Virtualbox guest utils...
         Stopping Regular background program processing daemon...
         Stopping LSB: daemon to balance interrupts for SMP systems...
         Stopping Deferred execution scheduler...
         Stopping LSB: Record successful boot for GRUB...
         Stopping System Logging Service...
         Stopping OpenBSD Secure Shell server...
         Stopping LSB: Set the CPU Frequency Scaling governor to "ondemand"...
         Stopping LSB: MD monitoring daemon...
[[0;32m  OK  [0m] Stopped Message of the Day.
         Stopping Session 4 of user vagrant.
[[0;32m  OK  [0m] Stopped target Login Prompts.
         Stopping Getty on tty1...
         Stopping Serial Getty on ttyS0...
[[0;32m  OK  [0m] Stopped Daily apt download activities.
[[0;32m  OK  [0m] Stopped target System Time Synchronized.
[[0;32m  OK  [0m] Stopped Wait until snapd is fully seeded.
         Stopping ACPI event daemon...
[[0;32m  OK  [0m] Stopped System Logging Service.
[[0;32m  OK  [0m] Stopped Deferred execution scheduler.
[[0;32m  OK  [0m] Stopped Accounts Service.
[[0;32m  OK  [0m] Stopped Regular background program processing daemon.
[[0;32m  OK  [0m] Stopped Authenticate and Authorize Users to Run Privileged Tasks.
[[0;32m  OK  [0m] Stopped Serial Getty on ttyS0.
[[0;32m  OK  [0m] Stopped Getty on tty1.
[[0;32m  OK  [0m] Stopped OpenBSD Secure Shell server.
[[0;32m  OK  [0m] Stopped User Manager for UID 1000.
[[0;32m  OK  [0m] Unmounted /var/lib/lxcfs.
[[0;32m  OK  [0m] Unmounted /run/user/1000.
[[0;32m  OK  [0m] Stopped D-Bus System Message Bus.
[[0;32m  OK  [0m] Stopped Session 4 of user vagrant.
[[0;32m  OK  [0m] Stopped FUSE filesystem for LXC.
[[0;32m  OK  [0m] Stopped ACPI event daemon.
[[0;32m  OK  [0m] Stopped LXD - container startup/shutdown.
[[0;32m  OK  [0m] Stopped LSB: Set the CPU Frequency Scaling governor to "ondemand".
[[0;32m  OK  [0m] Stopped LSB: daemon to balance interrupts for SMP systems.
[[0;32m  OK  [0m] Stopped LSB: Record successful boot for GRUB.
[[0;32m  OK  [0m] Removed slice User Slice of vagrant.
         Stopping Login Service...
[[0;32m  OK  [0m] Removed slice system-getty.slice.
         Stopping Permit User Sessions...
[[0;32m  OK  [0m] Removed slice system-serial\x2dgetty.slice.
[[0;32m  OK  [0m] Stopped /etc/rc.local Compatibility.
[[0;32m  OK  [0m] Stopped LSB: automatic crash report generation.
[[0;32m  OK  [0m] Stopped Virtualbox guest utils.
[[0;32m  OK  [0m] Stopped LSB: MD monitoring daemon.
[[0;32m  OK  [0m] Stopped Permit User Sessions.
[[0;32m  OK  [0m] Stopped target Remote File Systems.
         Unmounting /vagrant...
[[0;32m  OK  [0m] Unmounted /vagrant.
[[0;32m  OK  [0m] Stopped Login Service.
[[0;32m  OK  [0m] Stopped target User and Group Name Lookups.
[[0;32m  OK  [0m] Stopped target Basic System.
[[0;32m  OK  [0m] Stopped target Sockets.
[[0;32m  OK  [0m] Closed Socket activation for snappy daemon.
[[0;32m  OK  [0m] Closed UUID daemon activation socket.
[[0;32m  OK  [0m] Closed ACPID Listen Socket.
[[0;32m  OK  [0m] Closed LXD - unix socket.
[[0;32m  OK  [0m] Closed D-Bus System Message Bus Socket.
[[0;32m  OK  [0m] Closed Syslog Socket.
[[0;32m  OK  [0m] Stopped target Slices.
[[0;32m  OK  [0m] Removed slice User and Session Slice.
[[0;32m  OK  [0m] Stopped target Paths.
[[0;32m  OK  [0m] Stopped ACPI Events Check.
[[0;32m  OK  [0m] Stopped target System Initialization.
[[0;32m  OK  [0m] Stopped target Swap.
         Stopping Update UTMP about System Boot/Shutdown...
[[0;32m  OK  [0m] Stopped target Encrypted Volumes.
         Stopping Load/Save Random Seed...
[[0;32m  OK  [0m] Stopped Commit a transient machine-id on disk.
[[0;32m  OK  [0m] Stopped Forward Password Requests to Wall Directory Watch.
[[0;32m  OK  [0m] Stopped Dispatch Password Requests to Console Directory Watch.
[[0;32m  OK  [0m] Reached target Unmount All Filesystems.
[[0;32m  OK  [0m] Stopped target Local File Systems (Pre).
[[0;32m  OK  [0m] Stopped Create Static Device Nodes in /dev.
         Stopping Monitoring of LVM2 mirrors... dmeventd or progress polling...
[[0;32m  OK  [0m] Stopped target Remote File Systems (Pre).
         Stopping Login to default iSCSI targets...
[[0;32m  OK  [0m] Stopped Load/Save Random Seed.
[[0;32m  OK  [0m] Stopped Update UTMP about System Boot/Shutdown.
[[0;32m  OK  [0m] Stopped Create Volatile Files and Directories.
[[0;32m  OK  [0m] Stopped Monitoring of LVM2 mirrors,...ng dmeventd or progress polling.
         Stopping LVM2 metadata daemon...
[[0;32m  OK  [0m] Stopped LVM2 metadata daemon.
[[0;32m  OK  [0m] Stopped Login to default iSCSI targets.
         Stopping iSCSI initiator daemon (iscsid)...
[[0;32m  OK  [0m] Stopped iSCSI initiator daemon (iscsid).
[[0;32m  OK  [0m] Stopped target Network is Online.
[[0;32m  OK  [0m] Stopped Initial cloud-init job (metadata service crawler).
[[0;32m  OK  [0m] Stopped target Network.
         Stopping Raise network interfaces...
[[0;32m  OK  [0m] Stopped Raise network interfaces.
[[0;32m  OK  [0m] Stopped Apply Kernel Variables.
[[0;32m  OK  [0m] Stopped Load Kernel Modules.
[[0;32m  OK  [0m] Stopped target Network (Pre).
[[0;32m  OK  [0m] Stopped Initial cloud-init job (pre-networking).
[[0;32m  OK  [0m] Stopped Remount Root and Kernel File Systems.
[[0;32m  OK  [0m] Reached target Shutdown.
[ 6464.431892] reboot: Power down
