[    0.000000] Linux version 4.15.0-173-generic (buildd@lcy02-amd64-094) (gcc version 7.5.0 (Ubuntu 7.5.0-3ubuntu1~18.04)) #182-Ubuntu SMP Fri Mar 18 15:53:46 UTC 2022 (Ubuntu 4.15.0-173.182-generic 4.15.18)
[    0.000000] Command line: BOOT_IMAGE=/boot/vmlinuz-4.15.0-173-generic root=LABEL=cloudimg-rootfs ro console=tty1 console=ttyS0
[    0.000000] KERNEL supported cpus:
[    0.000000]   Intel GenuineIntel
[    0.000000]   AMD AuthenticAMD
[    0.000000]   Centaur CentaurHauls
[    0.000000] x86/fpu: x87 FPU will use FXSAVE
[    0.000000] e820: BIOS-provided physical RAM map:
[    0.000000] BIOS-e820: [mem 0x0000000000000000-0x000000000009fbff] usable
[    0.000000] BIOS-e820: [mem 0x000000000009fc00-0x000000000009ffff] reserved
[    0.000000] BIOS-e820: [mem 0x00000000000f0000-0x00000000000fffff] reserved
[    0.000000] BIOS-e820: [mem 0x0000000000100000-0x000000003ffeffff] usable
[    0.000000] BIOS-e820: [mem 0x000000003fff0000-0x000000003fffffff] ACPI data
[    0.000000] BIOS-e820: [mem 0x00000000fec00000-0x00000000fec00fff] reserved
[    0.000000] BIOS-e820: [mem 0x00000000fee00000-0x00000000fee00fff] reserved
[    0.000000] BIOS-e820: [mem 0x00000000fffc0000-0x00000000ffffffff] reserved
[    0.000000] NX (Execute Disable) protection: active
[    0.000000] SMBIOS 2.5 present.
[    0.000000] DMI: innotek GmbH VirtualBox/VirtualBox, BIOS VirtualBox 12/01/2006
[    0.000000] Hypervisor detected: KVM
[    0.000000] e820: last_pfn = 0x3fff0 max_arch_pfn = 0x400000000
[    0.000000] MTRR: Disabled
[    0.000000] x86/PAT: MTRRs disabled, skipping PAT initialization too.
[    0.000000] CPU MTRRs all blank - virtualized system.
[    0.000000] x86/PAT: Configuration [0-7]: WB  WT  UC- UC  WB  WT  UC- UC  
[    0.000000] found SMP MP-table at [mem 0x0009fff0-0x0009ffff]
[    0.000000] Scanning 1 areas for low memory corruption
[    0.000000] RAMDISK: [mem 0x359cb000-0x36cdcfff]
[    0.000000] ACPI: Early table checksum verification disabled
[    0.000000] ACPI: RSDP 0x00000000000E0000 000024 (v02 VBOX  )
[    0.000000] ACPI: XSDT 0x000000003FFF0030 00003C (v01 VBOX   VBOXXSDT 00000001 ASL  00000061)
[    0.000000] ACPI: FACP 0x000000003FFF00F0 0000F4 (v04 VBOX   VBOXFACP 00000001 ASL  00000061)
[    0.000000] ACPI: DSDT 0x000000003FFF0470 002325 (v02 VBOX   VBOXBIOS 00000002 INTL 20190509)
[    0.000000] ACPI: FACS 0x000000003FFF0200 000040
[    0.000000] ACPI: FACS 0x000000003FFF0200 000040
[    0.000000] ACPI: APIC 0x000000003FFF0240 00005C (v02 VBOX   VBOXAPIC 00000001 ASL  00000061)
[    0.000000] ACPI: SSDT 0x000000003FFF02A0 0001CC (v01 VBOX   VBOXCPUT 00000002 INTL 20190509)
[    0.000000] ACPI: Reserving FACP table memory at [mem 0x3fff00f0-0x3fff01e3]
[    0.000000] ACPI: Reserving DSDT table memory at [mem 0x3fff0470-0x3fff2794]
[    0.000000] ACPI: Reserving FACS table memory at [mem 0x3fff0200-0x3fff023f]
[    0.000000] ACPI: Reserving FACS table memory at [mem 0x3fff0200-0x3fff023f]
[    0.000000] ACPI: Reserving APIC table memory at [mem 0x3fff0240-0x3fff029b]
[    0.000000] ACPI: Reserving SSDT table memory at [mem 0x3fff02a0-0x3fff046b]
[    0.000000] No NUMA configuration found
[    0.000000] Faking a node at [mem 0x0000000000000000-0x000000003ffeffff]
[    0.000000] NODE_DATA(0) allocated [mem 0x3ffc5000-0x3ffeffff]
[    0.000000] kvm-clock: cpu 0, msr 0:3ff44001, primary cpu clock
[    0.000000] kvm-clock: Using msrs 4b564d01 and 4b564d00
[    0.000000] kvm-clock: using sched offset of 3743846718 cycles
[    0.000000] clocksource: kvm-clock: mask: 0xffffffffffffffff max_cycles: 0x1cd42e4dffb, max_idle_ns: 881590591483 ns
[    0.000000] Zone ranges:
[    0.000000]   DMA      [mem 0x0000000000001000-0x0000000000ffffff]
[    0.000000]   DMA32    [mem 0x0000000001000000-0x000000003ffeffff]
[    0.000000]   Normal   empty
[    0.000000]   Device   empty
[    0.000000] Movable zone start for each node
[    0.000000] Early memory node ranges
[    0.000000]   node   0: [mem 0x0000000000001000-0x000000000009efff]
[    0.000000]   node   0: [mem 0x0000000000100000-0x000000003ffeffff]
[    0.000000] Reserved but unavailable: 104 pages
[    0.000000] Initmem setup node 0 [mem 0x0000000000001000-0x000000003ffeffff]
[    0.000000] ACPI: PM-Timer IO Port: 0x4008
[    0.000000] IOAPIC[0]: apic_id 2, version 32, address 0xfec00000, GSI 0-23
[    0.000000] ACPI: INT_SRC_OVR (bus 0 bus_irq 0 global_irq 2 dfl dfl)
[    0.000000] ACPI: INT_SRC_OVR (bus 0 bus_irq 9 global_irq 9 low level)
[    0.000000] Using ACPI (MADT) for SMP configuration information
[    0.000000] smpboot: Allowing 2 CPUs, 0 hotplug CPUs
[    0.000000] PM: Registered nosave memory: [mem 0x00000000-0x00000fff]
[    0.000000] PM: Registered nosave memory: [mem 0x0009f000-0x0009ffff]
[    0.000000] PM: Registered nosave memory: [mem 0x000a0000-0x000effff]
[    0.000000] PM: Registered nosave memory: [mem 0x000f0000-0x000fffff]
[    0.000000] e820: [mem 0x40000000-0xfebfffff] available for PCI devices
[    0.000000] Booting paravirtualized kernel on KVM
[    0.000000] clocksource: refined-jiffies: mask: 0xffffffff max_cycles: 0xffffffff, max_idle_ns: 7645519600211568 ns
[    0.000000] random: get_random_bytes called from start_kernel+0x99/0x500 with crng_init=0
[    0.000000] setup_percpu: NR_CPUS:8192 nr_cpumask_bits:2 nr_cpu_ids:2 nr_node_ids:1
[    0.000000] percpu: Embedded 50 pages/cpu s167936 r8192 d28672 u1048576
[    0.000000] PV qspinlock hash table entries: 256 (order: 0, 4096 bytes)
[    0.000000] Built 1 zonelists, mobility grouping on.  Total pages: 257913
[    0.000000] Policy zone: DMA32
[    0.000000] Kernel command line: BOOT_IMAGE=/boot/vmlinuz-4.15.0-173-generic root=LABEL=cloudimg-rootfs ro console=tty1 console=ttyS0
[    0.000000] Memory: 982648K/1048120K available (12300K kernel code, 2484K rwdata, 4324K rodata, 2468K init, 2724K bss, 65472K reserved, 0K cma-reserved)
[    0.000000] SLUB: HWalign=64, Order=0-3, MinObjects=0, CPUs=2, Nodes=1
[    0.000000] Kernel/User page tables isolation: enabled
[    0.000000] ftrace: allocating 39503 entries in 155 pages
[    0.004000] Hierarchical RCU implementation.
[    0.004000] 	RCU restricting CPUs from NR_CPUS=8192 to nr_cpu_ids=2.
[    0.004000] 	Tasks RCU enabled.
[    0.004000] RCU: Adjusting geometry for rcu_fanout_leaf=16, nr_cpu_ids=2
[    0.004000] NR_IRQS: 524544, nr_irqs: 440, preallocated irqs: 16
[    0.004000] Console: colour VGA+ 80x25
[    0.004000] console [tty1] enabled
[    0.004000] console [ttyS0] enabled
[    0.004000] ACPI: Core revision 20170831
[    0.004000] ACPI: 2 ACPI AML tables successfully acquired and loaded
[    0.004000] APIC: Switch to symmetric I/O mode setup
[    0.004000] x2apic enabled
[    0.004000] Switched APIC routing to physical x2apic.
[    0.004000] ..TIMER: vector=0x30 apic1=0 pin1=2 apic2=-1 pin2=-1
[    0.004008] tsc: Detected 2659.998 MHz processor
[    0.004902] Calibrating delay loop (skipped) preset value.. 5319.99 BogoMIPS (lpj=10639992)
[    0.008004] pid_max: default: 32768 minimum: 301
[    0.008974] Security Framework initialized
[    0.009849] Yama: becoming mindful.
[    0.010620] AppArmor: AppArmor initialized
[    0.012000] Dentry cache hash table entries: 131072 (order: 8, 1048576 bytes)
[    0.012139] Inode-cache hash table entries: 65536 (order: 7, 524288 bytes)
[    0.016022] Mount-cache hash table entries: 2048 (order: 2, 16384 bytes)
[    0.017342] Mountpoint-cache hash table entries: 2048 (order: 2, 16384 bytes)
[    0.019231] Last level iTLB entries: 4KB 512, 2MB 7, 4MB 7
[    0.020003] Last level dTLB entries: 4KB 512, 2MB 32, 4MB 32, 1GB 0
[    0.021310] Spectre V1 : Mitigation: usercopy/swapgs barriers and __user pointer sanitization
[    0.023005] Spectre V2 : Mitigation: Retpolines
[    0.024003] Spectre V2 : Spectre v2 / SpectreRSB mitigation: Filling RSB on context switch
[    0.025593] Speculative Store Bypass: Vulnerable
[    0.026619] MDS: Vulnerable: Clear CPU buffers attempted, no microcode
[    0.028211] Freeing SMP alternatives memory: 36K
[    0.140326] smpboot: CPU0: Intel(R) Core(TM) i5 CPU       M 560  @ 2.67GHz (family: 0x6, model: 0x25, stepping: 0x5)
[    0.142592] Performance Events: unsupported p6 CPU model 37 no PMU driver, software events only.
[    0.144000] Hierarchical SRCU implementation.
[    0.144652] NMI watchdog: Perf event create on CPU 0 failed with -2
[    0.145909] NMI watchdog: Perf NMI watchdog permanently disabled
[    0.148077] smp: Bringing up secondary CPUs ...
[    0.149188] x86: Booting SMP configuration:
[    0.150139] .... node  #0, CPUs:      #1
[    0.004000] kvm-clock: cpu 1, msr 0:3ff44041, secondary cpu clock
[    0.154693] smp: Brought up 1 node, 2 CPUs
[    0.154693] smpboot: Max logical packages: 1
[    0.156009] smpboot: Total of 2 processors activated (10639.99 BogoMIPS)
[    0.157485] devtmpfs: initialized
[    0.157485] x86/mm: Memory block size: 128MB
[    0.160170] evm: security.selinux
[    0.160956] evm: security.SMACK64
[    0.161619] evm: security.SMACK64EXEC
[    0.162395] evm: security.SMACK64TRANSMUTE
[    0.163282] evm: security.SMACK64MMAP
[    0.164005] evm: security.apparmor
[    0.164679] evm: security.ima
[    0.165304] evm: security.capability
[    0.166126] clocksource: jiffies: mask: 0xffffffff max_cycles: 0xffffffff, max_idle_ns: 7645041785100000 ns
[    0.168020] futex hash table entries: 512 (order: 3, 32768 bytes)
[    0.169290] pinctrl core: initialized pinctrl subsystem
[    0.172161] RTC time: 13:13:32, date: 04/03/22
[    0.173524] NET: Registered protocol family 16
[    0.174557] audit: initializing netlink subsys (disabled)
[    0.175719] audit: type=2000 audit(1648991617.217:1): state=initialized audit_enabled=0 res=1
[    0.176014] cpuidle: using governor ladder
[    0.176851] cpuidle: using governor menu
[    0.177722] ACPI: bus type PCI registered
[    0.180006] acpiphp: ACPI Hot Plug PCI Controller Driver version: 0.5
[    0.181287] PCI: Using configuration type 1 for base access
[    0.185176] HugeTLB registered 2.00 MiB page size, pre-allocated 0 pages
[    0.185596] ACPI: Added _OSI(Module Device)
[    0.188008] ACPI: Added _OSI(Processor Device)
[    0.189325] ACPI: Added _OSI(3.0 _SCP Extensions)
[    0.190861] ACPI: Added _OSI(Processor Aggregator Device)
[    0.192010] ACPI: Added _OSI(Linux-Dell-Video)
[    0.193372] ACPI: Added _OSI(Linux-Lenovo-NV-HDMI-Audio)
[    0.196000] ACPI: Added _OSI(Linux-HPI-Hybrid-Graphics)
[    0.196498] ACPI: Executed 1 blocks of module-level executable AML code
[    0.203605] ACPI: Interpreter enabled
[    0.204019] ACPI: (supports S0 S5)
[    0.204742] ACPI: Using IOAPIC for interrupt routing
[    0.205953] PCI: Using host bridge windows from ACPI; if necessary, use "pci=nocrs" and report a bug
[    0.208112] ACPI: Enabled 2 GPEs in block 00 to 07
[    0.216325] ACPI: PCI Root Bridge [PCI0] (domain 0000 [bus 00-ff])
[    0.217555] acpi PNP0A03:00: _OSC: OS supports [ASPM ClockPM Segments MSI]
[    0.219494] acpi PNP0A03:00: _OSC: not requesting OS control; OS requires [ExtendedConfig ASPM ClockPM MSI]
[    0.220018] acpi PNP0A03:00: fail to add MMCONFIG information, can't access extended PCI configuration space under this bridge.
[    0.224281] PCI host bridge to bus 0000:00
[    0.225087] pci_bus 0000:00: root bus resource [io  0x0000-0x0cf7 window]
[    0.226393] pci_bus 0000:00: root bus resource [io  0x0d00-0xffff window]
[    0.227677] pci_bus 0000:00: root bus resource [mem 0x000a0000-0x000bffff window]
[    0.228005] pci_bus 0000:00: root bus resource [mem 0x40000000-0xfdffffff window]
[    0.229521] pci_bus 0000:00: root bus resource [bus 00-ff]
[    0.233573] pci 0000:00:01.1: legacy IDE quirk: reg 0x10: [io  0x01f0-0x01f7]
[    0.235008] pci 0000:00:01.1: legacy IDE quirk: reg 0x14: [io  0x03f6]
[    0.236005] pci 0000:00:01.1: legacy IDE quirk: reg 0x18: [io  0x0170-0x0177]
[    0.237406] pci 0000:00:01.1: legacy IDE quirk: reg 0x1c: [io  0x0376]
[    0.273886] pci 0000:00:07.0: quirk: [io  0x4000-0x403f] claimed by PIIX4 ACPI
[    0.276024] pci 0000:00:07.0: quirk: [io  0x4100-0x410f] claimed by PIIX4 SMB
[    0.302129] ACPI: PCI Interrupt Link [LNKA] (IRQs 5 9 10 *11)
[    0.304000] ACPI: PCI Interrupt Link [LNKB] (IRQs 5 9 *10 11)
[    0.304223] ACPI: PCI Interrupt Link [LNKC] (IRQs 5 *9 10 11)
[    0.306021] ACPI: PCI Interrupt Link [LNKD] (IRQs 5 9 10 *11)
[    0.308725] SCSI subsystem initialized
[    0.310024] pci 0000:00:02.0: vgaarb: setting as boot VGA device
[    0.310024] pci 0000:00:02.0: vgaarb: VGA device added: decodes=io+mem,owns=io+mem,locks=none
[    0.312017] pci 0000:00:02.0: vgaarb: bridge control possible
[    0.313142] vgaarb: loaded
[    0.313796] ACPI: bus type USB registered
[    0.316034] usbcore: registered new interface driver usbfs
[    0.317155] usbcore: registered new interface driver hub
[    0.318219] usbcore: registered new device driver usb
[    0.319351] EDAC MC: Ver: 3.0.0
[    0.320250] PCI: Using ACPI for IRQ routing
[    0.321263] NetLabel: Initializing
[    0.322008] NetLabel:  domain hash size = 128
[    0.322888] NetLabel:  protocols = UNLABELED CIPSOv4 CALIPSO
[    0.324024] NetLabel:  unlabeled traffic allowed by default
[    0.325151] clocksource: Switched to clocksource kvm-clock
[    0.341799] VFS: Disk quotas dquot_6.6.0
[    0.342788] VFS: Dquot-cache hash table entries: 512 (order 0, 4096 bytes)
[    0.344244] AppArmor: AppArmor Filesystem Enabled
[    0.345274] pnp: PnP ACPI init
[    0.347135] pnp: PnP ACPI: found 3 devices
[    0.360619] clocksource: acpi_pm: mask: 0xffffff max_cycles: 0xffffff, max_idle_ns: 2085701024 ns
[    0.364985] NET: Registered protocol family 2
[    0.366045] IP idents hash table entries: 16384 (order: 5, 131072 bytes)
[    0.369254] TCP established hash table entries: 8192 (order: 4, 65536 bytes)
[    0.371008] TCP bind hash table entries: 8192 (order: 5, 131072 bytes)
[    0.372614] TCP: Hash tables configured (established 8192 bind 8192)
[    0.374065] UDP hash table entries: 512 (order: 2, 16384 bytes)
[    0.375362] UDP-Lite hash table entries: 512 (order: 2, 16384 bytes)
[    0.376742] NET: Registered protocol family 1
[    0.377698] pci 0000:00:00.0: Limiting direct PCI/PCI transfers
[    0.378917] pci 0000:00:01.0: Activating ISA DMA hang workarounds
[    0.380212] pci 0000:00:02.0: Video device with shadowed ROM at [mem 0x000c0000-0x000dffff]
[    0.381997] Unpacking initramfs...
[    0.724848] Freeing initrd memory: 19528K
[    0.726588] clocksource: tsc: mask: 0xffffffffffffffff max_cycles: 0x2657a1d9103, max_idle_ns: 440795229008 ns
[    0.730082] platform rtc_cmos: registered platform RTC device (no PNP device found)
[    0.732683] Scanning for low memory corruption every 60 seconds
[    0.735589] Initialise system trusted keyrings
[    0.737392] Key type blacklist registered
[    0.738928] workingset: timestamp_bits=36 max_order=18 bucket_order=0
[    0.742933] zbud: loaded
[    0.744637] squashfs: version 4.0 (2009/01/31) Phillip Lougher
[    0.746752] fuse init (API version 7.26)
[    0.753309] Key type asymmetric registered
[    0.754726] Asymmetric key parser 'x509' registered
[    0.757119] Block layer SCSI generic (bsg) driver version 0.4 loaded (major 246)
[    0.759949] io scheduler noop registered
[    0.761608] io scheduler deadline registered
[    0.763381] io scheduler cfq registered (default)
[    0.765805] ACPI: AC Adapter [AC] (on-line)
[    0.767715] input: Power Button as /devices/LNXSYSTM:00/LNXPWRBN:00/input/input0
[    0.770390] ACPI: Power Button [PWRF]
[    0.771687] input: Sleep Button as /devices/LNXSYSTM:00/LNXSLPBN:00/input/input1
[    0.774529] ACPI: Sleep Button [SLPF]
[    0.777181] ACPI: Battery Slot [BAT0] (battery present)
[    0.783563] Serial: 8250/16550 driver, 32 ports, IRQ sharing enabled
[    0.806484] 00:02: ttyS0 at I/O 0x3f8 (irq = 4, base_baud = 115200) is a 16550A
[    0.814793] Linux agpgart interface v0.103
[    0.817893] loop: module loaded
[    0.819392] scsi host0: ata_piix
[    0.820468] scsi host1: ata_piix
[    0.821318] ata1: PATA max UDMA/33 cmd 0x1f0 ctl 0x3f6 bmdma 0xd000 irq 14
[    0.822819] ata2: PATA max UDMA/33 cmd 0x170 ctl 0x376 bmdma 0xd008 irq 15
[    0.824401] tun: Universal TUN/TAP device driver, 1.6
[    0.828931] PPP generic driver version 2.4.2
[    0.830245] ehci_hcd: USB 2.0 'Enhanced' Host Controller (EHCI) Driver
[    0.831871] ehci-pci: EHCI PCI platform driver
[    0.833409] ehci-platform: EHCI generic platform driver
[    0.834952] ohci_hcd: USB 1.1 'Open' Host Controller (OHCI) Driver
[    0.836616] ohci-pci: OHCI PCI platform driver
[    0.837857] ohci-platform: OHCI generic platform driver
[    0.839689] uhci_hcd: USB Universal Host Controller Interface driver
[    0.841552] i8042: PNP: PS/2 Controller [PNP0303:PS2K,PNP0f03:PS2M] at 0x60,0x64 irq 1,12
[    0.844154] serio: i8042 KBD port at 0x60,0x64 irq 1
[    0.845637] serio: i8042 AUX port at 0x60,0x64 irq 12
[    0.847241] mousedev: PS/2 mouse device common for all mice
[    0.849740] input: AT Translated Set 2 keyboard as /devices/platform/i8042/serio0/input/input2
[    0.852032] rtc_cmos rtc_cmos: rtc core: registered rtc_cmos as rtc0
[    0.854057] rtc_cmos rtc_cmos: alarms up to one day, 114 bytes nvram
[    0.855828] i2c /dev entries driver
[    0.856953] device-mapper: uevent: version 1.0.3
[    0.858478] device-mapper: ioctl: 4.37.0-ioctl (2017-09-20) initialised: dm-devel@redhat.com
[    0.860856] ledtrig-cpu: registered to indicate activity on CPUs
[    0.862962] NET: Registered protocol family 10
[    0.872665] Segment Routing with IPv6
[    0.874151] NET: Registered protocol family 17
[    0.876198] Key type dns_resolver registered
[    0.878864] mce: Using 0 MCE banks
[    0.880583] RAS: Correctable Errors collector initialized.
[    0.882867] sched_clock: Marking stable (880532547, 0)->(1056364271, -175831724)
[    0.886102] registered taskstats version 1
[    0.887221] Loading compiled-in X.509 certificates
[    0.891878] Loaded X.509 cert 'Build time autogenerated kernel key: 70c562671a3916277fe5fdc18b24b613b7a6fbd0'
[    0.895247] Loaded X.509 cert 'Canonical Ltd. Live Patch Signing: 14df34d1a87cf37625abec039ef2bf521249b969'
[    0.899047] Loaded X.509 cert 'Canonical Ltd. Kernel Module Signing: 88f752e560a1e0737e31163a466ad7b70a850c19'
[    0.902446] blacklist: Loading compiled-in revocation X.509 certificates
[    0.904783] Loaded X.509 cert 'Canonical Ltd. Secure Boot Signing: 61482aa2830d0ab2ad5af10b7250da9033ddcef0'
[    0.907938] zswap: loaded using pool lzo/zbud
[    0.919106] Key type big_key registered
[    0.920879] Key type trusted registered
[    0.925979] Key type encrypted registered
[    0.928153] AppArmor: AppArmor sha1 policy hashing enabled
[    0.930758] ima: No TPM chip found, activating TPM-bypass! (rc=-19)
[    0.933308] ima: Allocated hash algorithm: sha1
[    0.935227] evm: HMAC attrs: 0x1
[    0.937258]   Magic number: 2:757:229
[    0.938835] rtc_cmos rtc_cmos: setting system clock to 2022-04-03 13:13:32 UTC (1648991612)
[    0.942155] BIOS EDD facility v0.16 2004-Jun-25, 0 devices found
[    0.943703] EDD information not available.
[    1.011700] Freeing unused kernel image memory: 2468K
[    1.084426] Write protecting the kernel read-only data: 20480k
[    1.089508] Freeing unused kernel image memory: 2008K
[    1.092658] Freeing unused kernel image memory: 1820K
[    1.108849] x86/mm: Checked W+X mappings: passed, no W+X pages found.
[    1.110922] x86/mm: Checking user space page tables
[    1.122086] x86/mm: Checked W+X mappings: passed, no W+X pages found.
Loading, please wait...
starting version 237
[    1.231965] e1000: Intel(R) PRO/1000 Network Driver - version 7.3.21-k8-NAPI
[    1.234060] e1000: Copyright (c) 1999-2006 Intel Corporation.
[    1.238367] Fusion MPT base driver 3.04.20
[    1.239337] Copyright (c) 1999-2008 LSI Corporation
[    1.274250] SSE version of gcm_enc/dec engaged.
[    1.275499] Fusion MPT SPI Host driver 3.04.20
[    1.462615] input: ImExPS/2 Generic Explorer Mouse as /devices/platform/i8042/serio1/input/input4
[    1.668702] e1000 0000:00:03.0 eth0: (PCI:33MHz:32-bit) 02:27:94:89:a7:22
[    1.670758] e1000 0000:00:03.0 eth0: Intel(R) PRO/1000 Network Connection
[    1.674123] mptbase: ioc0: Initiating bringup
[    1.768807] ioc0: LSI53C1030 A0: Capabilities={Initiator}
[    2.020580] scsi host2: ioc0: LSI53C1030 A0, FwRev=00000000h, Ports=1, MaxQ=256, IRQ=20
[    2.193095] scsi 2:0:0:0: Direct-Access     VBOX     HARDDISK         1.0  PQ: 0 ANSI: 5
[    2.228262] scsi target2:0:0: Beginning Domain Validation
[    2.262244] scsi target2:0:0: Domain Validation skipping write tests
[    2.263824] scsi target2:0:0: Ending Domain Validation
[    2.269384] scsi target2:0:0: asynchronous
[    2.293425] scsi 2:0:1:0: Direct-Access     VBOX     HARDDISK         1.0  PQ: 0 ANSI: 5
[    2.328322] scsi target2:0:1: Beginning Domain Validation
[    2.332918] random: fast init done
[    2.334193] scsi target2:0:1: Domain Validation skipping write tests
[    2.335848] scsi target2:0:1: Ending Domain Validation
[    2.337394] scsi target2:0:1: asynchronous
[    2.343334] random: systemd-udevd: uninitialized urandom read (16 bytes read)
[    2.345088] random: systemd-udevd: uninitialized urandom read (16 bytes read)
[    2.348263] random: systemd-udevd: uninitialized urandom read (16 bytes read)
[    2.350086] sd 2:0:0:0: Attached scsi generic sg0 type 0
[    2.351435] sd 2:0:1:0: Attached scsi generic sg1 type 0
[    2.352916] sd 2:0:0:0: [sda] 83886080 512-byte logical blocks: (42.9 GB/40.0 GiB)
[    2.354650] sd 2:0:0:0: [sda] Write Protect is off
[    2.356212] sd 2:0:0:0: [sda] Incomplete mode parameter data
[    2.357577] sd 2:0:0:0: [sda] Assuming drive cache: write through
[    2.361822]  sda: sda1
[    2.364249] sd 2:0:0:0: [sda] Attached SCSI disk
[    2.368046] sd 2:0:1:0: [sdb] 20480 512-byte logical blocks: (10.5 MB/10.0 MiB)
[    2.372110] sd 2:0:1:0: [sdb] Write Protect is off
[    2.373388] sd 2:0:1:0: [sdb] Incomplete mode parameter data
[    2.374633] sd 2:0:1:0: [sdb] Assuming drive cache: write through
[    2.378600] sd 2:0:1:0: [sdb] Attached SCSI disk
[    2.609231] e1000 0000:00:08.0 eth1: (PCI:33MHz:32-bit) 08:00:27:8e:5a:26
[    2.611048] e1000 0000:00:08.0 eth1: Intel(R) PRO/1000 Network Connection
[    2.615433] e1000 0000:00:03.0 enp0s3: renamed from eth0
[    2.632583] e1000 0000:00:08.0 enp0s8: renamed from eth1
Begin: Loading essential drivers ... [    4.220050] raid6: sse2x1   gen()  5524 MB/s
[    4.268082] raid6: sse2x1   xor()  5608 MB/s
[    4.316079] raid6: sse2x2   gen()  8597 MB/s
[    4.364080] raid6: sse2x2   xor()  6609 MB/s
[    4.412080] raid6: sse2x4   gen() 10073 MB/s
[    4.460075] raid6: sse2x4   xor()  7281 MB/s
[    4.461447] raid6: using algorithm sse2x4 gen() 10073 MB/s
[    4.462921] raid6: .... xor() 7281 MB/s, rmw enabled
[    4.464227] raid6: using ssse3x2 recovery algorithm
[    4.467349] xor: measuring software checksum speed
[    4.508080]    prefetch64-sse: 12869.000 MB/sec
[    4.548080]    generic_sse: 11400.000 MB/sec
[    4.549499] xor: using function: prefetch64-sse (12869.000 MB/sec)
[    4.553394] async_tx: api initialized (async)
done.
Begin: Running /scripts/init-premount ... done.
Begin: Mounting root file system ... Begin: Running /scripts/local-top ... done.
Begin: Running /scripts/local-premount ... [    4.640269] Btrfs loaded, crc32c=crc32c-intel
Scanning for Btrfs filesystems
done.
Warning: fsck not present, so skipping root file system
[    4.697467] EXT4-fs (sda1): mounted filesystem with ordered data mode. Opts: (null)
done.
Begin: Running /scripts/local-bottom ... done.
Begin: Running /scripts/init-bottom ... done.
[    4.977072] ip_tables: (C) 2000-2006 Netfilter Core Team
[    4.994835] systemd[1]: systemd 237 running in system mode. (+PAM +AUDIT +SELINUX +IMA +APPARMOR +SMACK +SYSVINIT +UTMP +LIBCRYPTSETUP +GCRYPT +GNUTLS +ACL +XZ +LZ4 +SECCOMP +BLKID +ELFUTILS +KMOD -IDN2 +IDN -PCRE2 default-hierarchy=hybrid)
[    5.001580] systemd[1]: Detected virtualization oracle.
[    5.002668] systemd[1]: Detected architecture x86-64.

Welcome to [1mUbuntu 18.04.6 LTS[0m!

[    5.011140] systemd[1]: Set hostname to <ubuntu>.
[    5.015320] systemd[1]: Initializing machine ID from random generator.
[    5.017493] systemd[1]: Installed transient /etc/machine-id file.
[    5.421172] systemd[1]: Reached target User and Group Name Lookups.
[[0;32m  OK  [0m] Reached target User and Group Name Lookups.
[    5.425813] systemd[1]: Reached target Swap.
[[0;32m  OK  [0m] Reached target Swap.
[    5.431038] systemd[1]: Created slice System Slice.
[[0;32m  OK  [0m] Created slice System Slice.
[    5.433697] systemd[1]: Listening on udev Control Socket.
[[0;32m  OK  [0m] Listening on udev Control Socket.
[[0;32m  OK  [0m] Listening on fsck to fsckd communication Socket.
[[0;32m  OK  [0m] Created slice system-serial\x2dgetty.slice.
[[0;32m  OK  [0m] Listening on Syslog Socket.
[[0;32m  OK  [0m] Listening on udev Kernel Socket.
[[0;32m  OK  [0m] Listening on Device-mapper event daemon FIFOs.
[[0;32m  OK  [0m] Listening on Journal Socket (/dev/log).
[[0;32m  OK  [0m] Listening on LVM2 poll daemon socket.
[[0;32m  OK  [0m] Listening on LVM2 metadata daemon socket.
[[0;32m  OK  [0m] Listening on Journal Audit Socket.
[[0;32m  OK  [0m] Listening on Network Service Netlink Socket.
[[0;32m  OK  [0m] Listening on /dev/initctl Compatibility Named Pipe.
[[0;32m  OK  [0m] Set up automount Arbitrary Executabâ€¦rmats File System Automount Point.
[[0;32m  OK  [0m] Started Forward Password Requests to Wall Directory Watch.
[[0;32m  OK  [0m] Created slice User and Session Slice.
[[0;32m  OK  [0m] Reached target Slices.
[[0;32m  OK  [0m] Reached target System Time Synchronized.
[[0;32m  OK  [0m] Listening on Journal Socket.
         Starting Load Kernel Modules...
         Mounting POSIX Message Queue File System...
         Mounting Huge Pages File System...
[    5.486715] Loading iSCSI transport class v2.0-870.
         Mounting Kernel Debug File System...
         Starting Journal Service...
[    5.510931] iscsi: registered transport (tcp)
         Starting File System Check on Root Device...
         Starting Create list of required stâ€¦ce nodes for the current kernel...
         Starting Uncomplicated firewall...
         Starting udev Coldplug all Devices...
         Starting Set the console keyboard layout...
         Starting Monitoring of LVM2 mirrorsâ€¦ng dmeventd or progress polling...
[    5.566268] iscsi: registered transport (iser)
[[0;32m  OK  [0m] Started Load Kernel Modules.
[[0;32m  OK  [0m] Mounted POSIX Message Queue File System.
[[0;32m  OK  [0m] Mounted Huge Pages File System.
[[0;32m  OK  [0m] Mounted Kernel Debug File System.
[[0;32m  OK  [0m] Started Create list of required staâ€¦vice nodes for the current kernel.
[[0;32m  OK  [0m] Started Uncomplicated firewall.
         Starting Create Static Device Nodes in /dev...
         Mounting FUSE Control File System...
         Starting Apply Kernel Variables...
         Mounting Kernel Configuration File System...
[[0;32m  OK  [0m] Mounted FUSE Control File System.
[[0;32m  OK  [0m] Mounted Kernel Configuration File System.
[[0;32m  OK  [0m] Started File System Check Daemon to report status.
[[0;32m  OK  [0m] Started Journal Service.
[[0;32m  OK  [0m] Started Create Static Device Nodes in /dev.
[[0;32m  OK  [0m] Started udev Coldplug all Devices.
[[0;32m  OK  [0m] Started LVM2 metadata daemon.
[[0;32m  OK  [0m] Started File System Check on Root Device.
         Starting Remount Root and Kernel File Systems...
[[0;32m  OK  [0m] Started Apply Kernel Variables.
[[0;32m  OK  [0m] Started Remount Root and Kernel File Systems.
         Starting Flush Journal to Persistent Storage...
         Starting Load/Save Random Seed...
         Starting udev Kernel Device Manager...
[[0;32m  OK  [0m] Started Monitoring of LVM2 mirrors,â€¦sing dmeventd or progress polling.
[[0;32m  OK  [0m] Started Load/Save Random Seed.
[[0;32m  OK  [0m] Started Set the console keyboard layout.
[[0;32m  OK  [0m] Reached target Local File Systems (Pre).
[[0;32m  OK  [0m] Reached target Local File Systems.
         Starting Set console font and keymap...
         Starting ebtables ruleset management...
         Starting Tell Plymouth To Write Out Runtime Data...
         Starting Commit a transient machine-id on disk...
         Starting AppArmor initialization...
[[0;32m  OK  [0m] Started udev Kernel Device Manager.
[[0;32m  OK  [0m] Started Dispatch Password Requests to Console Directory Watch.
[[0;32m  OK  [0m] Reached target Local Encrypted Volumes.
[[0;32m  OK  [0m] Started Set console font and keymap.
[[0;32m  OK  [0m] Started Tell Plymouth To Write Out Runtime Data.
[[0;32m  OK  [0m] Started Flush Journal to Persistent Storage.
         Starting Create Volatile Files and Directories...
[[0;32m  OK  [0m] Started Commit a transient machine-id on disk.
[[0;32m  OK  [0m] Started Create Volatile Files and Directories.
         Starting Update UTMP about System Boot/Shutdown...
[[0;32m  OK  [0m] Started ebtables ruleset management.
[[0;32m  OK  [0m] Started Update UTMP about System Boot/Shutdown.
[[0;32m  OK  [0m] Found device /dev/ttyS0.
[[0;32m  OK  [0m] Listening on Load/Save RF Kill Switch Status /dev/rfkill Watch.
[[0;32m  OK  [0m] Started AppArmor initialization.
         Starting Initial cloud-init job (pre-networking)...
         Starting Load AppArmor profiles managed internally by snapd...
[[0;32m  OK  [0m] Started Load AppArmor profiles managed internally by snapd.
[    9.737361] cloud-init[564]: Cloud-init v. 22.1-14-g2e17a0d6-0ubuntu1~18.04.3 running 'init-local' at Sun, 03 Apr 2022 13:13:40 +0000. Up 9.09 seconds.
[[0;32m  OK  [0m] Started Initial cloud-init job (pre-networking).
[[0;32m  OK  [0m] Reached target Network (Pre).
         Starting Network Service...
[[0;32m  OK  [0m] Started Network Service.
         Starting Wait for Network to be Configured...
         Starting Network Name Resolution...
[[0;32m  OK  [0m] Started Network Name Resolution.
[[0;32m  OK  [0m] Reached target Host and Network Name Lookups.
[[0;32m  OK  [0m] Reached target Network.
[[0;32m  OK  [0m] Started Wait for Network to be Configured.
         Starting Initial cloud-init job (metadata service crawler)...
[   13.152126] cloud-init[695]: Cloud-init v. 22.1-14-g2e17a0d6-0ubuntu1~18.04.3 running 'init' at Sun, 03 Apr 2022 13:13:44 +0000. Up 12.70 seconds.
[   13.154329] cloud-init[695]: ci-info: ++++++++++++++++++++++++++++++++++++++Net device info+++++++++++++++++++++++++++++++++++++++
[   13.156433] cloud-init[695]: ci-info: +--------+-------+----------------------------+---------------+--------+-------------------+
[   13.174811] cloud-init[695]: ci-info: | Device |   Up  |          Address           |      Mask     | Scope  |     Hw-Address    |
[   13.177702] cloud-init[695]: ci-info: +--------+-------+----------------------------+---------------+--------+-------------------+
[   13.180021] cloud-init[695]: ci-info: | enp0s3 |  True |         10.0.2.15          | 255.255.255.0 | global | 02:27:94:89:a7:22 |
[   13.182458] cloud-init[695]: ci-info: | enp0s3 |  True | fe80::27:94ff:fe89:a722/64 |       .       |  link  | 02:27:94:89:a7:22 |
[   13.184845] cloud-init[695]: ci-info: | enp0s8 | False |             .              |       .       |   .    | 08:00:27:8e:5a:26 |
[   13.186964] cloud-init[695]: ci-info: |   lo   |  True |         127.0.0.1          |   255.0.0.0   |  host  |         .         |
[   13.202339] cloud-init[695]: ci-info: |   lo   |  True |          ::1/128           |       .       |  host  |         .         |
[   13.206713] cloud-init[695]: ci-info: +--------+-------+----------------------------+---------------+--------+-------------------+
[   13.209519] cloud-init[695]: ci-info: ++++++++++++++++++++++++++++Route IPv4 info+++++++++++++++++++++++++++++
[   13.220523] cloud-init[695]: ci-info: +-------+-------------+----------+-----------------+-----------+-------+
[   13.222499] cloud-init[695]: ci-info: | Route | Destination | Gateway  |     Genmask     | Interface | Flags |
[   13.224766] cloud-init[695]: ci-info: +-------+-------------+----------+-----------------+-----------+-------+
[   13.226710] cloud-init[695]: ci-info: |   0   |   0.0.0.0   | 10.0.2.2 |     0.0.0.0     |   enp0s3  |   UG  |
[   13.228868] cloud-init[695]: ci-info: |   1   |   10.0.2.0  | 0.0.0.0  |  255.255.255.0  |   enp0s3  |   U   |
[   13.231576] cloud-init[695]: ci-info: |   2   |   10.0.2.2  | 0.0.0.0  | 255.255.255.255 |   enp0s3  |   UH  |
[   13.234589] cloud-init[695]: ci-info: +-------+-------------+----------+-----------------+-----------+-------+
[   13.237016] cloud-init[695]: ci-info: +++++++++++++++++++Route IPv6 info+++++++++++++++++++
[   13.239931] cloud-init[695]: ci-info: +-------+-------------+---------+-----------+-------+
[   13.242619] cloud-init[695]: ci-info: | Route | Destination | Gateway | Interface | Flags |
[   13.244525] cloud-init[695]: ci-info: +-------+-------------+---------+-----------+-------+
[   13.246259] cloud-init[695]: ci-info: |   1   |  fe80::/64  |    ::   |   enp0s3  |   U   |
[   13.247882] cloud-init[695]: ci-info: |   3   |    local    |    ::   |   enp0s3  |   U   |
[   13.250562] cloud-init[695]: ci-info: |   4   |   ff00::/8  |    ::   |   enp0s3  |   U   |
[   13.252297] cloud-init[695]: ci-info: +-------+-------------+---------+-----------+-------+
[   15.123288] cloud-init[695]: Generating public/private rsa key pair.
[   15.125226] cloud-init[695]: Your identification has been saved in /etc/ssh/ssh_host_rsa_key.
[   15.127305] cloud-init[695]: Your public key has been saved in /etc/ssh/ssh_host_rsa_key.pub.
[   15.129557] cloud-init[695]: The key fingerprint is:
[   15.142809] cloud-init[695]: SHA256:5sSpwe4XG45FDsuuxq6h3XdtAD3REYoXnRcXT987inI root@ubuntu-bionic
[   15.144689] cloud-init[695]: The key's randomart image is:
[   15.145921] cloud-init[695]: +---[RSA 2048]----+
[   15.146861] cloud-init[695]: |        .oo+..o..|
[   15.147915] cloud-init[695]: |       ..o+ .. oo|
[   15.149094] cloud-init[695]: |      ..o. .    +|
[   15.150307] cloud-init[695]: |     .oo+.      .|
[   15.151234] cloud-init[695]: |     .o*S.     o |
[   15.152392] cloud-init[695]: |     .o**   . . .|
[   15.153547] cloud-init[695]: |  .. .o+.B E .   |
[   15.159533] cloud-init[695]: | o oo.+ = =      |
[   15.161763] cloud-init[695]: |. o++o.o .       |
[   15.163567] cloud-init[695]: +----[SHA256]-----+
[   15.173231] cloud-init[695]: Generating public/private dsa key pair.
[   15.174773] cloud-init[695]: Your identification has been saved in /etc/ssh/ssh_host_dsa_key.
[   15.176522] cloud-init[695]: Your public key has been saved in /etc/ssh/ssh_host_dsa_key.pub.
[   15.178168] cloud-init[695]: The key fingerprint is:
[   15.179333] cloud-init[695]: SHA256:u/wtVb+NH7c5x8+mEFUxFEvLPY5ZJfIrOG8jot6nuPI root@ubuntu-bionic
[   15.209137] cloud-init[695]: The key's randomart image is:
[   15.221026] cloud-init[695]: +---[DSA 1024]----+
[   15.222138] cloud-init[695]: |            . o*=|
[   15.223213] cloud-init[695]: |             ooo*|
[   15.224191] cloud-init[695]: |              o*.|
[   15.224996] cloud-init[695]: |           . .*..|
[   15.226061] cloud-init[695]: |        S o o+.o |
[   15.227085] cloud-init[695]: |         . o.o  .|
[   15.228201] cloud-init[695]: |        o ..=  ++|
[   15.229134] cloud-init[695]: |    .  = oo+ o.+X|
[   15.229926] cloud-init[695]: |     +E.=+... .*B|
[   15.230935] cloud-init[695]: +----[SHA256]-----+
[   15.232047] cloud-init[695]: Generating public/private ecdsa key pair.
[   15.235458] cloud-init[695]: Your identification has been saved in /etc/ssh/ssh_host_ecdsa_key.
[   15.238682] cloud-init[695]: Your public key has been saved in /etc/ssh/ssh_host_ecdsa_key.pub.
[   15.257108] cloud-init[695]: The key fingerprint is:
[   15.258230] cloud-init[695]: SHA256:KPhd4/13YtG1+sE6pOhoez+/Rq61C4RF59OiaGP6Nq4 root@ubuntu-bionic
[   15.260239] cloud-init[695]: The key's randomart image is:
[   15.261505] cloud-init[695]: +---[ECDSA 256]---+
[   15.262547] cloud-init[695]: |           . .   |
[   15.263648] cloud-init[695]: |          . o .  |
[   15.264573] cloud-init[695]: |           . + . |
[   15.265575] cloud-init[695]: |   .   .  + . o .|
[   15.266672] cloud-init[695]: |  . . . S* o   .o|
[   15.267854] cloud-init[695]: |   . o o+oo  oo..|
[   15.269067] cloud-init[695]: |    . ... o.=..+ |
[   15.270220] cloud-init[695]: |       .o= +o=* o|
[   15.271388] cloud-init[695]: |      .EB+oo*O=+ |
[   15.272740] cloud-init[695]: +----[SHA256]-----+
[   15.274056] cloud-init[695]: Generating public/private ed25519 key pair.
[   15.275776] cloud-init[695]: Your identification has been saved in /etc/ssh/ssh_host_ed25519_key.
[   15.277703] cloud-init[695]: Your public key has been saved in /etc/ssh/ssh_host_ed25519_key.pub.
[   15.279609] cloud-init[695]: The key fingerprint is:
[   15.280865] cloud-init[695]: SHA256:8idA+adclDL/JfEfH2yC6TZkRYJbMyR3VLBy8nO0gIg root@ubuntu-bionic
[   15.282713] cloud-init[695]: The key's randomart image is:
[   15.283925] cloud-init[695]: +--[ED25519 256]--+
[   15.285158] cloud-init[695]: |         .o+.=o. |
[   15.286226] cloud-init[695]: |       ...+== .  |
[   15.287300] cloud-init[695]: |      oEo.=++= . |
[   15.288375] cloud-init[695]: |     . . *  Oo+ .|
[   15.289478] cloud-init[695]: |      o S +=.+oB |
[   15.290536] cloud-init[695]: |       = ++. o=.+|
[   15.291554] cloud-init[695]: |        = .+.   o|
[   15.302037] cloud-init[695]: |         o. .    |
[   15.304307] cloud-init[695]: |                 |
[   15.306409] cloud-init[695]: +----[SHA256]-----+
[[0;32m  OK  [0m] Started Initial cloud-init job (metadata service crawler).
[[0;32m  OK  [0m] Reached target Cloud-config availability.
[[0;32m  OK  [0m] Reached target System Initialization.
         Starting LXD - unix socket.
[[0;32m  OK  [0m] Started Daily Cleanup of Temporary Directories.
         Starting Socket activation for snappy daemon.
[[0;32m  OK  [0m] Started ACPI Events Check.
[[0;32m  OK  [0m] Listening on D-Bus System Message Bus Socket.
[[0;32m  OK  [0m] Started Ubuntu Advantage Timer for running repeated jobs.
[[0;32m  OK  [0m] Listening on UUID daemon activation socket.
[[0;32m  OK  [0m] Started Message of the Day.
[[0;32m  OK  [0m] Started Trigger to poll for Ubuntu â€¦(Only enabled on GCP LTS non-pro).
[[0;32m  OK  [0m] Listening on Open-iSCSI iscsid Socket.
[[0;32m  OK  [0m] Listening on ACPID Listen Socket.
[[0;32m  OK  [0m] Reached target Paths.
[[0;32m  OK  [0m] Started Discard unused blocks once a week.
[[0;32m  OK  [0m] Listening on cloud-init hotplug hook socket.
[[0;32m  OK  [0m] Started Daily apt download activities.
[[0;32m  OK  [0m] Started Daily apt upgrade and clean activities.
[[0;32m  OK  [0m] Reached target Timers.
[[0;32m  OK  [0m] Reached target Network is Online.
         Starting Availability of block devices...
[[0;32m  OK  [0m] Reached target Remote File Systems (Pre).
[[0;32m  OK  [0m] Reached target Remote File Systems.
[[0;32m  OK  [0m] Listening on LXD - unix socket.
[[0;32m  OK  [0m] Listening on Socket activation for snappy daemon.
[[0;32m  OK  [0m] Started Availability of block devices.
[[0;32m  OK  [0m] Reached target Sockets.
[[0;32m  OK  [0m] Reached target Basic System.
         Starting Virtualbox guest utils...
         Starting Accounts Service...
[[0;32m  OK  [0m] Started Deferred execution scheduler.
         Starting Pollinate to seed the pseudo random number generator...
[[0;32m  OK  [0m] Started Regular background program processing daemon.
         Starting LSB: Record successful boot for GRUB...
[[0;32m  OK  [0m] Started irqbalance daemon.
[[0;32m  OK  [0m] Started D-Bus System Message Bus.
[[0;32m  OK  [0m] Started FUSE filesystem for LXC.
         Starting System Logging Service...
         Starting Login Service...
         Starting Snap Daemon...
         Starting Permit User Sessions...
         Starting LSB: automatic crash report generation...
         Starting Dispatcher daemon for systemd-networkd...
         Starting LXD - container startup/shutdown...
[[0;32m  OK  [0m] Started System Logging Service.
[[0;32m  OK  [0m] Started Permit User Sessions.
[[0;32m  OK  [0m] Started Login Service.
[[0;32m  OK  [0m] Started Unattended Upgrades Shutdown.
         Starting Authorization Manager...
         Starting Hold until boot process finishes up...
         Starting Terminate Plymouth Boot Screen...
[[0;32m  OK  [0m] Started Hold until boot process finishes up.
[[0;32m  OK  [0m] Started Serial Getty on ttyS0.
         Starting Set console scheme...
[[0;32m  OK  [0m] Started Terminate Plymouth Boot Screen.
[[0;32m  OK  [0m] Started LSB: automatic crash report generation.
[[0;32m  OK  [0m] Started Set console scheme.
[[0;32m  OK  [0m] Created slice system-getty.slice.
[[0;32m  OK  [0m] Started Getty on tty1.
[[0;32m  OK  [0m] Reached target Login Prompts.
[[0;32m  OK  [0m] Started LSB: Record successful boot for GRUB.
[[0;32m  OK  [0m] Started Authorization Manager.
[[0;32m  OK  [0m] Started Accounts Service.
[[0;32m  OK  [0m] Started Virtualbox guest utils.
[[0;32m  OK  [0m] Started LXD - container startup/shutdown.
[[0;32m  OK  [0m] Started Dispatcher daemon for systemd-networkd.
[[0;32m  OK  [0m] Started Snap Daemon.
         Starting Wait until snapd is fully seeded...
         Starting Time & Date Service...
[[0;32m  OK  [0m] Started Time & Date Service.

Ubuntu 18.04.6 LTS ubuntu-bionic ttyS0

ubuntu-bionic login: [   37.390749] cloud-init[1721]: Cloud-init v. 22.1-14-g2e17a0d6-0ubuntu1~18.04.3 running 'modules:config' at Sun, 03 Apr 2022 13:14:08 +0000. Up 36.52 seconds.
ci-info: no authorized SSH keys fingerprints found for user ubuntu.
<14>Apr  3 13:14:10 cloud-init: #############################################################
<14>Apr  3 13:14:10 cloud-init: -----BEGIN SSH HOST KEY FINGERPRINTS-----
<14>Apr  3 13:14:10 cloud-init: 1024 SHA256:u/wtVb+NH7c5x8+mEFUxFEvLPY5ZJfIrOG8jot6nuPI root@ubuntu-bionic (DSA)
<14>Apr  3 13:14:10 cloud-init: 256 SHA256:KPhd4/13YtG1+sE6pOhoez+/Rq61C4RF59OiaGP6Nq4 root@ubuntu-bionic (ECDSA)
<14>Apr  3 13:14:10 cloud-init: 256 SHA256:8idA+adclDL/JfEfH2yC6TZkRYJbMyR3VLBy8nO0gIg root@ubuntu-bionic (ED25519)
<14>Apr  3 13:14:10 cloud-init: 2048 SHA256:5sSpwe4XG45FDsuuxq6h3XdtAD3REYoXnRcXT987inI root@ubuntu-bionic (RSA)
<14>Apr  3 13:14:10 cloud-init: -----END SSH HOST KEY FINGERPRINTS-----
<14>Apr  3 13:14:10 cloud-init: #############################################################
-----BEGIN SSH HOST KEY KEYS-----
ecdsa-sha2-nistp256 AAAAE2VjZHNhLXNoYTItbmlzdHAyNTYAAAAIbmlzdHAyNTYAAABBBJP1sHu6YW5AQem5qKabgiVhn7MaTHnmDREpSwUf4R5sEC2EMHUt2KszcYGo8TzFLgjq6AWGx+9x3Z2jNfgcPzw= root@ubuntu-bionic
ssh-ed25519 AAAAC3NzaC1lZDI1NTE5AAAAILgtoudw51C2Wtzm6LvaLhhIMhuUTmh3p+SVXaZ9cDaD root@ubuntu-bionic
ssh-rsa AAAAB3NzaC1yc2EAAAADAQABAAABAQDP9LhYH2BoOoXNRF++5aN6EN5rLOhTyMoqj+ClHkPzIDQ9H3HS7gZsCH2KOOprKuXn8P5E75pRnN+GBQ++8CylGHRt7lzOViV4lCEGyswpIAyFnOJ1C7XRvW7nYroU048878QDMgl3afIs/2+AJxsxR6shDqbXqe52FHlVdhxVHhmI3ah2CNRabrSkTDaqRcjl1JX8yp+M+VcTC37W4GcsxDJjHRUtgQI7LCYrzmwApKeAy96jpe6Ir4pXTjPHGC3Q0diZsCTiFQ3TMaKuysRNQ3STYcrPJ4W8zbH+2tEa20U3HhI0hJaeL9ulwu4OksJar389OgAJPG715DaeKHCD root@ubuntu-bionic
-----END SSH HOST KEY KEYS-----
[   38.698678] cloud-init[1916]: Cloud-init v. 22.1-14-g2e17a0d6-0ubuntu1~18.04.3 running 'modules:final' at Sun, 03 Apr 2022 13:14:09 +0000. Up 38.38 seconds.
[   38.702107] cloud-init[1916]: Cloud-init v. 22.1-14-g2e17a0d6-0ubuntu1~18.04.3 finished at Sun, 03 Apr 2022 13:14:10 +0000. Datasource DataSourceNoCloud [seed=/dev/sdb][dsmode=net].  Up 38.68 seconds
         Stopping User Manager for UID 1000...
         Stopping Authorization Manager...
[[0;32m  OK  [0m] Stopped target Timers.
[[0;32m  OK  [0m] Stopped Ubuntu Advantage Timer for running repeated jobs.
[[0;32m  OK  [0m] Stopped Daily Cleanup of Temporary Directories.
[[0;32m  OK  [0m] Stopped Message of the Day.
[[0;32m  OK  [0m] Stopped target Cloud-init target.
[[0;32m  OK  [0m] Stopped Execute cloud user/final scripts.
         Stopping Session 6 of user vagrant.
[[0;32m  OK  [0m] Closed Load/Save RF Kill Switch Status /dev/rfkill Watch.
         Stopping Availability of block devices...
[[0;32m  OK  [0m] Stopped Daily apt upgrade and clean activities.
[[0;32m  OK  [0m] Stopped Discard unused blocks once a week.
[[0;32m  OK  [0m] Stopped Apply the settings specified in cloud-config.
[[0;32m  OK  [0m] Stopped target Cloud-config availability.
[[0;32m  OK  [0m] Stopped Daily apt download activities.
[[0;32m  OK  [0m] Stopped Clean PHP session files every 30 mins.
[[0;32m  OK  [0m] Stopped target System Time Synchronized.
[[0;32m  OK  [0m] Stopped target Graphical Interface.
         Stopping Accounts Service...
[[0;32m  OK  [0m] Stopped target Multi-User System.
         Stopping Deferred execution scheduler...
         Stopping Dispatcher daemon for systemd-networkd...
         Stopping Virtualbox guest utils...
         Stopping The Apache HTTP Server...
[[0;32m  OK  [0m] Stopped Wait until snapd is fully seeded.
         Stopping System Logging Service...
         Stopping irqbalance daemon...
         Stopping FUSE filesystem for LXC...
         Stopping LXD - container startup/shutdown...
         Stopping LSB: Record successful boot for GRUB...
         Stopping MySQL Community Server...
[[0;32m  OK  [0m] Stopped target Login Prompts.
         Stopping Getty on tty1...
         Stopping Serial Getty on ttyS0...
         Stopping Regular background program processing daemon...
         Stopping OpenBSD Secure Shell server...
         Stopping D-Bus System Message Bus...
         Stopping LSB: automatic crash report generation...
[[0;32m  OK  [0m] Unmounted /var/lib/lxcfs.
[[0;32m  OK  [0m] Stopped Accounts Service.
[[0;32m  OK  [0m] Stopped Deferred execution scheduler.
[[0;32m  OK  [0m] Stopped Regular background program processing daemon.
[[0;32m  OK  [0m] Stopped irqbalance daemon.
[[0;32m  OK  [0m] Stopped System Logging Service.
[[0;32m  OK  [0m] Stopped Dispatcher daemon for systemd-networkd.
[[0;32m  OK  [0m] Stopped Authorization Manager.
[[0;32m  OK  [0m] Stopped Serial Getty on ttyS0.
[[0;32m  OK  [0m] Stopped Getty on tty1.
[[0;32m  OK  [0m] Stopped OpenBSD Secure Shell server.
[[0;32m  OK  [0m] Stopped User Manager for UID 1000.
[[0;32m  OK  [0m] Stopped Availability of block devices.
[[0;32m  OK  [0m] Stopped D-Bus System Message Bus.
[[0;32m  OK  [0m] Stopped FUSE filesystem for LXC.
[[0;32m  OK  [0m] Stopped Session 6 of user vagrant.
[[0;32m  OK  [0m] Removed slice User Slice of vagrant.
         Stopping Login Service...
[[0;32m  OK  [0m] Removed slice system-getty.slice.
[[0;32m  OK  [0m] Removed slice system-serial\x2dgetty.slice.
         Stopping Permit User Sessions...
[[0;32m  OK  [0m] Stopped LXD - container startup/shutdown.
[[0;32m  OK  [0m] Stopped Permit User Sessions.
[[0;32m  OK  [0m] Stopped LSB: Record successful boot for GRUB.
[[0;32m  OK  [0m] Stopped Login Service.
[[0;32m  OK  [0m] Stopped target User and Group Name Lookups.
[[0;32m  OK  [0m] Stopped LSB: automatic crash report generation.
[[0;32m  OK  [0m] Stopped Virtualbox guest utils.
[[0;32m  OK  [0m] Stopped The Apache HTTP Server.
[[0;32m  OK  [0m] Stopped target Host and Network Name Lookups.
[[0;32m  OK  [0m] Stopped target Remote File Systems.
         Unmounting /vagrant...
[[0;32m  OK  [0m] Unmounted /vagrant.
[[0;32m  OK  [0m] Stopped target Remote File Systems (Pre).
[[0;32m  OK  [0m] Stopped target Network is Online.
[[0;32m  OK  [0m] Stopped MySQL Community Server.
[[0;32m  OK  [0m] Stopped target Basic System.
[[0;32m  OK  [0m] Stopped target Slices.
[[0;32m  OK  [0m] Removed slice User and Session Slice.
[[0;32m  OK  [0m] Stopped target Paths.
[[0;32m  OK  [0m] Stopped ACPI Events Check.
[[0;32m  OK  [0m] Stopped Trigger to poll for Ubuntu â€¦(Only enabled on GCP LTS non-pro).
[[0;32m  OK  [0m] Stopped target Sockets.
[[0;32m  OK  [0m] Closed cloud-init hotplug hook socket.
[[0;32m  OK  [0m] Closed Syslog Socket.
[[0;32m  OK  [0m] Closed D-Bus System Message Bus Socket.
[[0;32m  OK  [0m] Closed Open-iSCSI iscsid Socket.
[[0;32m  OK  [0m] Closed ACPID Listen Socket.
[[0;32m  OK  [0m] Closed UUID daemon activation socket.
[[0;32m  OK  [0m] Closed Socket activation for snappy daemon.
[[0;32m  OK  [0m] Closed LXD - unix socket.
[[0;32m  OK  [0m] Stopped target System Initialization.
[[0;32m  OK  [0m] Stopped Initial cloud-init job (metadata service crawler).
         Stopping Load/Save Random Seed...
[[0;32m  OK  [0m] Stopped Commit a transient machine-id on disk.
[[0;32m  OK  [0m] Stopped target Local Encrypted Volumes.
[[0;32m  OK  [0m] Stopped Forward Password Requests to Wall Directory Watch.
[[0;32m  OK  [0m] Stopped Dispatch Password Requests to Console Directory Watch.
         Stopping Update UTMP about System Boot/Shutdown...
[[0;32m  OK  [0m] Stopped target Network.
         Stopping Network Name Resolution...
[[0;32m  OK  [0m] Stopped Load/Save Random Seed.
[[0;32m  OK  [0m] Stopped Update UTMP about System Boot/Shutdown.
[[0;32m  OK  [0m] Stopped Network Name Resolution.
         Stopping Network Service...
[[0;32m  OK  [0m] Stopped Create Volatile Files and Directories.
[[0;32m  OK  [0m] Stopped target Local File Systems.
         Unmounting /run/user/1000...
[[0;32m  OK  [0m] Unmounted /run/user/1000.
[[0;32m  OK  [0m] Reached target Unmount All Filesystems.
[[0;32m  OK  [0m] Stopped target Local File Systems (Pre).
         Stopping Monitoring of LVM2 mirrorsâ€¦ng dmeventd or progress polling...
[[0;32m  OK  [0m] Stopped Create Static Device Nodes in /dev.
[[0;32m  OK  [0m] Stopped target Swap.
[[0;32m  OK  [0m] Stopped Network Service.
[[0;32m  OK  [0m] Stopped target Network (Pre).
[[0;32m  OK  [0m] Stopped Initial cloud-init job (pre-networking).
[[0;32m  OK  [0m] Stopped Remount Root and Kernel File Systems.
[[0;32m  OK  [0m] Stopped Apply Kernel Variables.
[[0;32m  OK  [0m] Stopped Load Kernel Modules.
[[0;32m  OK  [0m] Reached target Shutdown.
[[0;32m  OK  [0m] Reached target Final Step.
         Starting Power-Off...
[  426.832942] reboot: Power down
